============================================================================================== 
 
Version 4.0
 
Linux login 3.10.0-693.21.1.el7.x86_64 #1 SMP Wed Mar 7 19:03:37 UTC 2018 x86_64 x86_64 x86_64 GNU/Linux
 
Intel(R) Fortran Intel(R) 64 Compiler XE for applications running on Intel(R) 64, Version 15.0.1.133 Build 20141023
Copyright (C) 1985-2014 Intel Corporation.  All rights reserved.

 
============================================================================================== 
 
 
**** Compiling WPS and all utilities ****
 
make[1]: Entering directory `/gpfs/gpfs1/scratch/c7071076/WRFmodel/WPS-v4.0.2/geogrid/src'
/bin/rm -f cio.o
icc -D_UNDERSCORE -DBYTESWAP -DLINUX -DIO_NETCDF -DIO_BINARY -DIO_GRIB1 -DBIT32  -D_GEOGRID -w -c cio.c	
/bin/rm -f constants_module.o constants_module.mod
/lib/cpp -P -traditional -D_UNDERSCORE -DBYTESWAP -DLINUX -DIO_NETCDF -DIO_BINARY -DIO_GRIB1 -DBIT32  -D_GEOGRID -DUSE_JPEG2000 -DUSE_PNG -I/gpfs/gpfs1/scratch/c7071076/WRFmodel/WPS-v4.0.2/../WRF-v4.0.3/external/io_netcdf -I/gpfs/gpfs1/scratch/c7071076/WRFmodel/WPS-v4.0.2/../WRF-v4.0.3/external/io_grib_share -I/gpfs/gpfs1/scratch/c7071076/WRFmodel/WPS-v4.0.2/../WRF-v4.0.3/external/io_grib1 -I/gpfs/gpfs1/scratch/c7071076/WRFmodel/WPS-v4.0.2/../WRF-v4.0.3/external/io_int -I/gpfs/gpfs1/scratch/c7071076/WRFmodel/WPS-v4.0.2/../WRF-v4.0.3/inc -I/usr/site/hpc/x86_64/glibc-2.17/haswell/netcdf/4.3.3.1/intel-15.0/include constants_module.F > constants_module.f90
ifort -FR -convert big_endian -c constants_module.f90 -I/gpfs/gpfs1/scratch/c7071076/WRFmodel/WPS-v4.0.2/../WRF-v4.0.3/external/io_netcdf -I/gpfs/gpfs1/scratch/c7071076/WRFmodel/WPS-v4.0.2/../WRF-v4.0.3/external/io_grib_share -I/gpfs/gpfs1/scratch/c7071076/WRFmodel/WPS-v4.0.2/../WRF-v4.0.3/external/io_grib1 -I/gpfs/gpfs1/scratch/c7071076/WRFmodel/WPS-v4.0.2/../WRF-v4.0.3/external/io_int -I/gpfs/gpfs1/scratch/c7071076/WRFmodel/WPS-v4.0.2/../WRF-v4.0.3/inc -I/usr/site/hpc/x86_64/glibc-2.17/haswell/netcdf/4.3.3.1/intel-15.0/include
/bin/rm -f misc_definitions_module.o misc_definitions_module.mod
/lib/cpp -P -traditional -D_UNDERSCORE -DBYTESWAP -DLINUX -DIO_NETCDF -DIO_BINARY -DIO_GRIB1 -DBIT32  -D_GEOGRID -DUSE_JPEG2000 -DUSE_PNG -I/gpfs/gpfs1/scratch/c7071076/WRFmodel/WPS-v4.0.2/../WRF-v4.0.3/external/io_netcdf -I/gpfs/gpfs1/scratch/c7071076/WRFmodel/WPS-v4.0.2/../WRF-v4.0.3/external/io_grib_share -I/gpfs/gpfs1/scratch/c7071076/WRFmodel/WPS-v4.0.2/../WRF-v4.0.3/external/io_grib1 -I/gpfs/gpfs1/scratch/c7071076/WRFmodel/WPS-v4.0.2/../WRF-v4.0.3/external/io_int -I/gpfs/gpfs1/scratch/c7071076/WRFmodel/WPS-v4.0.2/../WRF-v4.0.3/inc -I/usr/site/hpc/x86_64/glibc-2.17/haswell/netcdf/4.3.3.1/intel-15.0/include misc_definitions_module.F > misc_definitions_module.f90
ifort -FR -convert big_endian -c misc_definitions_module.f90 -I/gpfs/gpfs1/scratch/c7071076/WRFmodel/WPS-v4.0.2/../WRF-v4.0.3/external/io_netcdf -I/gpfs/gpfs1/scratch/c7071076/WRFmodel/WPS-v4.0.2/../WRF-v4.0.3/external/io_grib_share -I/gpfs/gpfs1/scratch/c7071076/WRFmodel/WPS-v4.0.2/../WRF-v4.0.3/external/io_grib1 -I/gpfs/gpfs1/scratch/c7071076/WRFmodel/WPS-v4.0.2/../WRF-v4.0.3/external/io_int -I/gpfs/gpfs1/scratch/c7071076/WRFmodel/WPS-v4.0.2/../WRF-v4.0.3/inc -I/usr/site/hpc/x86_64/glibc-2.17/haswell/netcdf/4.3.3.1/intel-15.0/include
/bin/rm -f parallel_module.o parallel_module.mod
/lib/cpp -P -traditional -D_UNDERSCORE -DBYTESWAP -DLINUX -DIO_NETCDF -DIO_BINARY -DIO_GRIB1 -DBIT32  -D_GEOGRID -DUSE_JPEG2000 -DUSE_PNG -I/gpfs/gpfs1/scratch/c7071076/WRFmodel/WPS-v4.0.2/../WRF-v4.0.3/external/io_netcdf -I/gpfs/gpfs1/scratch/c7071076/WRFmodel/WPS-v4.0.2/../WRF-v4.0.3/external/io_grib_share -I/gpfs/gpfs1/scratch/c7071076/WRFmodel/WPS-v4.0.2/../WRF-v4.0.3/external/io_grib1 -I/gpfs/gpfs1/scratch/c7071076/WRFmodel/WPS-v4.0.2/../WRF-v4.0.3/external/io_int -I/gpfs/gpfs1/scratch/c7071076/WRFmodel/WPS-v4.0.2/../WRF-v4.0.3/inc -I/usr/site/hpc/x86_64/glibc-2.17/haswell/netcdf/4.3.3.1/intel-15.0/include parallel_module.F > parallel_module.f90
ifort -FR -convert big_endian -c parallel_module.f90 -I/gpfs/gpfs1/scratch/c7071076/WRFmodel/WPS-v4.0.2/../WRF-v4.0.3/external/io_netcdf -I/gpfs/gpfs1/scratch/c7071076/WRFmodel/WPS-v4.0.2/../WRF-v4.0.3/external/io_grib_share -I/gpfs/gpfs1/scratch/c7071076/WRFmodel/WPS-v4.0.2/../WRF-v4.0.3/external/io_grib1 -I/gpfs/gpfs1/scratch/c7071076/WRFmodel/WPS-v4.0.2/../WRF-v4.0.3/external/io_int -I/gpfs/gpfs1/scratch/c7071076/WRFmodel/WPS-v4.0.2/../WRF-v4.0.3/inc -I/usr/site/hpc/x86_64/glibc-2.17/haswell/netcdf/4.3.3.1/intel-15.0/include
/bin/rm -f module_debug.o module_debug.mod
/lib/cpp -P -traditional -D_UNDERSCORE -DBYTESWAP -DLINUX -DIO_NETCDF -DIO_BINARY -DIO_GRIB1 -DBIT32  -D_GEOGRID -DUSE_JPEG2000 -DUSE_PNG -I/gpfs/gpfs1/scratch/c7071076/WRFmodel/WPS-v4.0.2/../WRF-v4.0.3/external/io_netcdf -I/gpfs/gpfs1/scratch/c7071076/WRFmodel/WPS-v4.0.2/../WRF-v4.0.3/external/io_grib_share -I/gpfs/gpfs1/scratch/c7071076/WRFmodel/WPS-v4.0.2/../WRF-v4.0.3/external/io_grib1 -I/gpfs/gpfs1/scratch/c7071076/WRFmodel/WPS-v4.0.2/../WRF-v4.0.3/external/io_int -I/gpfs/gpfs1/scratch/c7071076/WRFmodel/WPS-v4.0.2/../WRF-v4.0.3/inc -I/usr/site/hpc/x86_64/glibc-2.17/haswell/netcdf/4.3.3.1/intel-15.0/include module_debug.F > module_debug.f90
ifort -FR -convert big_endian -c module_debug.f90 -I/gpfs/gpfs1/scratch/c7071076/WRFmodel/WPS-v4.0.2/../WRF-v4.0.3/external/io_netcdf -I/gpfs/gpfs1/scratch/c7071076/WRFmodel/WPS-v4.0.2/../WRF-v4.0.3/external/io_grib_share -I/gpfs/gpfs1/scratch/c7071076/WRFmodel/WPS-v4.0.2/../WRF-v4.0.3/external/io_grib1 -I/gpfs/gpfs1/scratch/c7071076/WRFmodel/WPS-v4.0.2/../WRF-v4.0.3/external/io_int -I/gpfs/gpfs1/scratch/c7071076/WRFmodel/WPS-v4.0.2/../WRF-v4.0.3/inc -I/usr/site/hpc/x86_64/glibc-2.17/haswell/netcdf/4.3.3.1/intel-15.0/include
/bin/rm -f gridinfo_module.o gridinfo_module.mod
/lib/cpp -P -traditional -D_UNDERSCORE -DBYTESWAP -DLINUX -DIO_NETCDF -DIO_BINARY -DIO_GRIB1 -DBIT32  -D_GEOGRID -DUSE_JPEG2000 -DUSE_PNG -I/gpfs/gpfs1/scratch/c7071076/WRFmodel/WPS-v4.0.2/../WRF-v4.0.3/external/io_netcdf -I/gpfs/gpfs1/scratch/c7071076/WRFmodel/WPS-v4.0.2/../WRF-v4.0.3/external/io_grib_share -I/gpfs/gpfs1/scratch/c7071076/WRFmodel/WPS-v4.0.2/../WRF-v4.0.3/external/io_grib1 -I/gpfs/gpfs1/scratch/c7071076/WRFmodel/WPS-v4.0.2/../WRF-v4.0.3/external/io_int -I/gpfs/gpfs1/scratch/c7071076/WRFmodel/WPS-v4.0.2/../WRF-v4.0.3/inc -I/usr/site/hpc/x86_64/glibc-2.17/haswell/netcdf/4.3.3.1/intel-15.0/include gridinfo_module.F > gridinfo_module.f90
ifort -FR -convert big_endian -c gridinfo_module.f90 -I/gpfs/gpfs1/scratch/c7071076/WRFmodel/WPS-v4.0.2/../WRF-v4.0.3/external/io_netcdf -I/gpfs/gpfs1/scratch/c7071076/WRFmodel/WPS-v4.0.2/../WRF-v4.0.3/external/io_grib_share -I/gpfs/gpfs1/scratch/c7071076/WRFmodel/WPS-v4.0.2/../WRF-v4.0.3/external/io_grib1 -I/gpfs/gpfs1/scratch/c7071076/WRFmodel/WPS-v4.0.2/../WRF-v4.0.3/external/io_int -I/gpfs/gpfs1/scratch/c7071076/WRFmodel/WPS-v4.0.2/../WRF-v4.0.3/inc -I/usr/site/hpc/x86_64/glibc-2.17/haswell/netcdf/4.3.3.1/intel-15.0/include
/bin/rm -f wrf_debug.o wrf_debug.mod
/lib/cpp -P -traditional -D_UNDERSCORE -DBYTESWAP -DLINUX -DIO_NETCDF -DIO_BINARY -DIO_GRIB1 -DBIT32  -D_GEOGRID -DUSE_JPEG2000 -DUSE_PNG -I/gpfs/gpfs1/scratch/c7071076/WRFmodel/WPS-v4.0.2/../WRF-v4.0.3/external/io_netcdf -I/gpfs/gpfs1/scratch/c7071076/WRFmodel/WPS-v4.0.2/../WRF-v4.0.3/external/io_grib_share -I/gpfs/gpfs1/scratch/c7071076/WRFmodel/WPS-v4.0.2/../WRF-v4.0.3/external/io_grib1 -I/gpfs/gpfs1/scratch/c7071076/WRFmodel/WPS-v4.0.2/../WRF-v4.0.3/external/io_int -I/gpfs/gpfs1/scratch/c7071076/WRFmodel/WPS-v4.0.2/../WRF-v4.0.3/inc -I/usr/site/hpc/x86_64/glibc-2.17/haswell/netcdf/4.3.3.1/intel-15.0/include wrf_debug.F > wrf_debug.f90
ifort -FR -convert big_endian -c wrf_debug.f90 -I/gpfs/gpfs1/scratch/c7071076/WRFmodel/WPS-v4.0.2/../WRF-v4.0.3/external/io_netcdf -I/gpfs/gpfs1/scratch/c7071076/WRFmodel/WPS-v4.0.2/../WRF-v4.0.3/external/io_grib_share -I/gpfs/gpfs1/scratch/c7071076/WRFmodel/WPS-v4.0.2/../WRF-v4.0.3/external/io_grib1 -I/gpfs/gpfs1/scratch/c7071076/WRFmodel/WPS-v4.0.2/../WRF-v4.0.3/external/io_int -I/gpfs/gpfs1/scratch/c7071076/WRFmodel/WPS-v4.0.2/../WRF-v4.0.3/inc -I/usr/site/hpc/x86_64/glibc-2.17/haswell/netcdf/4.3.3.1/intel-15.0/include
/bin/rm -f bitarray_module.o bitarray_module.mod
/lib/cpp -P -traditional -D_UNDERSCORE -DBYTESWAP -DLINUX -DIO_NETCDF -DIO_BINARY -DIO_GRIB1 -DBIT32  -D_GEOGRID -DUSE_JPEG2000 -DUSE_PNG -I/gpfs/gpfs1/scratch/c7071076/WRFmodel/WPS-v4.0.2/../WRF-v4.0.3/external/io_netcdf -I/gpfs/gpfs1/scratch/c7071076/WRFmodel/WPS-v4.0.2/../WRF-v4.0.3/external/io_grib_share -I/gpfs/gpfs1/scratch/c7071076/WRFmodel/WPS-v4.0.2/../WRF-v4.0.3/external/io_grib1 -I/gpfs/gpfs1/scratch/c7071076/WRFmodel/WPS-v4.0.2/../WRF-v4.0.3/external/io_int -I/gpfs/gpfs1/scratch/c7071076/WRFmodel/WPS-v4.0.2/../WRF-v4.0.3/inc -I/usr/site/hpc/x86_64/glibc-2.17/haswell/netcdf/4.3.3.1/intel-15.0/include bitarray_module.F > bitarray_module.f90
ifort -FR -convert big_endian -c bitarray_module.f90 -I/gpfs/gpfs1/scratch/c7071076/WRFmodel/WPS-v4.0.2/../WRF-v4.0.3/external/io_netcdf -I/gpfs/gpfs1/scratch/c7071076/WRFmodel/WPS-v4.0.2/../WRF-v4.0.3/external/io_grib_share -I/gpfs/gpfs1/scratch/c7071076/WRFmodel/WPS-v4.0.2/../WRF-v4.0.3/external/io_grib1 -I/gpfs/gpfs1/scratch/c7071076/WRFmodel/WPS-v4.0.2/../WRF-v4.0.3/external/io_int -I/gpfs/gpfs1/scratch/c7071076/WRFmodel/WPS-v4.0.2/../WRF-v4.0.3/inc -I/usr/site/hpc/x86_64/glibc-2.17/haswell/netcdf/4.3.3.1/intel-15.0/include
/bin/rm -f module_stringutil.o module_stringutil.mod
/lib/cpp -P -traditional -D_UNDERSCORE -DBYTESWAP -DLINUX -DIO_NETCDF -DIO_BINARY -DIO_GRIB1 -DBIT32  -D_GEOGRID -DUSE_JPEG2000 -DUSE_PNG -I/gpfs/gpfs1/scratch/c7071076/WRFmodel/WPS-v4.0.2/../WRF-v4.0.3/external/io_netcdf -I/gpfs/gpfs1/scratch/c7071076/WRFmodel/WPS-v4.0.2/../WRF-v4.0.3/external/io_grib_share -I/gpfs/gpfs1/scratch/c7071076/WRFmodel/WPS-v4.0.2/../WRF-v4.0.3/external/io_grib1 -I/gpfs/gpfs1/scratch/c7071076/WRFmodel/WPS-v4.0.2/../WRF-v4.0.3/external/io_int -I/gpfs/gpfs1/scratch/c7071076/WRFmodel/WPS-v4.0.2/../WRF-v4.0.3/inc -I/usr/site/hpc/x86_64/glibc-2.17/haswell/netcdf/4.3.3.1/intel-15.0/include module_stringutil.F > module_stringutil.f90
ifort -FR -convert big_endian -c module_stringutil.f90 -I/gpfs/gpfs1/scratch/c7071076/WRFmodel/WPS-v4.0.2/../WRF-v4.0.3/external/io_netcdf -I/gpfs/gpfs1/scratch/c7071076/WRFmodel/WPS-v4.0.2/../WRF-v4.0.3/external/io_grib_share -I/gpfs/gpfs1/scratch/c7071076/WRFmodel/WPS-v4.0.2/../WRF-v4.0.3/external/io_grib1 -I/gpfs/gpfs1/scratch/c7071076/WRFmodel/WPS-v4.0.2/../WRF-v4.0.3/external/io_int -I/gpfs/gpfs1/scratch/c7071076/WRFmodel/WPS-v4.0.2/../WRF-v4.0.3/inc -I/usr/site/hpc/x86_64/glibc-2.17/haswell/netcdf/4.3.3.1/intel-15.0/include
/bin/rm -f hash_module.o hash_module.mod
/lib/cpp -P -traditional -D_UNDERSCORE -DBYTESWAP -DLINUX -DIO_NETCDF -DIO_BINARY -DIO_GRIB1 -DBIT32  -D_GEOGRID -DUSE_JPEG2000 -DUSE_PNG -I/gpfs/gpfs1/scratch/c7071076/WRFmodel/WPS-v4.0.2/../WRF-v4.0.3/external/io_netcdf -I/gpfs/gpfs1/scratch/c7071076/WRFmodel/WPS-v4.0.2/../WRF-v4.0.3/external/io_grib_share -I/gpfs/gpfs1/scratch/c7071076/WRFmodel/WPS-v4.0.2/../WRF-v4.0.3/external/io_grib1 -I/gpfs/gpfs1/scratch/c7071076/WRFmodel/WPS-v4.0.2/../WRF-v4.0.3/external/io_int -I/gpfs/gpfs1/scratch/c7071076/WRFmodel/WPS-v4.0.2/../WRF-v4.0.3/inc -I/usr/site/hpc/x86_64/glibc-2.17/haswell/netcdf/4.3.3.1/intel-15.0/include hash_module.F > hash_module.f90
ifort -FR -convert big_endian -c hash_module.f90 -I/gpfs/gpfs1/scratch/c7071076/WRFmodel/WPS-v4.0.2/../WRF-v4.0.3/external/io_netcdf -I/gpfs/gpfs1/scratch/c7071076/WRFmodel/WPS-v4.0.2/../WRF-v4.0.3/external/io_grib_share -I/gpfs/gpfs1/scratch/c7071076/WRFmodel/WPS-v4.0.2/../WRF-v4.0.3/external/io_grib1 -I/gpfs/gpfs1/scratch/c7071076/WRFmodel/WPS-v4.0.2/../WRF-v4.0.3/external/io_int -I/gpfs/gpfs1/scratch/c7071076/WRFmodel/WPS-v4.0.2/../WRF-v4.0.3/inc -I/usr/site/hpc/x86_64/glibc-2.17/haswell/netcdf/4.3.3.1/intel-15.0/include
/bin/rm -f module_map_utils.o module_map_utils.mod
/lib/cpp -P -traditional -D_UNDERSCORE -DBYTESWAP -DLINUX -DIO_NETCDF -DIO_BINARY -DIO_GRIB1 -DBIT32  -D_GEOGRID -DUSE_JPEG2000 -DUSE_PNG -I/gpfs/gpfs1/scratch/c7071076/WRFmodel/WPS-v4.0.2/../WRF-v4.0.3/external/io_netcdf -I/gpfs/gpfs1/scratch/c7071076/WRFmodel/WPS-v4.0.2/../WRF-v4.0.3/external/io_grib_share -I/gpfs/gpfs1/scratch/c7071076/WRFmodel/WPS-v4.0.2/../WRF-v4.0.3/external/io_grib1 -I/gpfs/gpfs1/scratch/c7071076/WRFmodel/WPS-v4.0.2/../WRF-v4.0.3/external/io_int -I/gpfs/gpfs1/scratch/c7071076/WRFmodel/WPS-v4.0.2/../WRF-v4.0.3/inc -I/usr/site/hpc/x86_64/glibc-2.17/haswell/netcdf/4.3.3.1/intel-15.0/include module_map_utils.F > module_map_utils.f90
ifort -FR -convert big_endian -c module_map_utils.f90 -I/gpfs/gpfs1/scratch/c7071076/WRFmodel/WPS-v4.0.2/../WRF-v4.0.3/external/io_netcdf -I/gpfs/gpfs1/scratch/c7071076/WRFmodel/WPS-v4.0.2/../WRF-v4.0.3/external/io_grib_share -I/gpfs/gpfs1/scratch/c7071076/WRFmodel/WPS-v4.0.2/../WRF-v4.0.3/external/io_grib1 -I/gpfs/gpfs1/scratch/c7071076/WRFmodel/WPS-v4.0.2/../WRF-v4.0.3/external/io_int -I/gpfs/gpfs1/scratch/c7071076/WRFmodel/WPS-v4.0.2/../WRF-v4.0.3/inc -I/usr/site/hpc/x86_64/glibc-2.17/haswell/netcdf/4.3.3.1/intel-15.0/include
/bin/rm -f list_module.o list_module.mod
/lib/cpp -P -traditional -D_UNDERSCORE -DBYTESWAP -DLINUX -DIO_NETCDF -DIO_BINARY -DIO_GRIB1 -DBIT32  -D_GEOGRID -DUSE_JPEG2000 -DUSE_PNG -I/gpfs/gpfs1/scratch/c7071076/WRFmodel/WPS-v4.0.2/../WRF-v4.0.3/external/io_netcdf -I/gpfs/gpfs1/scratch/c7071076/WRFmodel/WPS-v4.0.2/../WRF-v4.0.3/external/io_grib_share -I/gpfs/gpfs1/scratch/c7071076/WRFmodel/WPS-v4.0.2/../WRF-v4.0.3/external/io_grib1 -I/gpfs/gpfs1/scratch/c7071076/WRFmodel/WPS-v4.0.2/../WRF-v4.0.3/external/io_int -I/gpfs/gpfs1/scratch/c7071076/WRFmodel/WPS-v4.0.2/../WRF-v4.0.3/inc -I/usr/site/hpc/x86_64/glibc-2.17/haswell/netcdf/4.3.3.1/intel-15.0/include list_module.F > list_module.f90
ifort -FR -convert big_endian -c list_module.f90 -I/gpfs/gpfs1/scratch/c7071076/WRFmodel/WPS-v4.0.2/../WRF-v4.0.3/external/io_netcdf -I/gpfs/gpfs1/scratch/c7071076/WRFmodel/WPS-v4.0.2/../WRF-v4.0.3/external/io_grib_share -I/gpfs/gpfs1/scratch/c7071076/WRFmodel/WPS-v4.0.2/../WRF-v4.0.3/external/io_grib1 -I/gpfs/gpfs1/scratch/c7071076/WRFmodel/WPS-v4.0.2/../WRF-v4.0.3/external/io_int -I/gpfs/gpfs1/scratch/c7071076/WRFmodel/WPS-v4.0.2/../WRF-v4.0.3/inc -I/usr/site/hpc/x86_64/glibc-2.17/haswell/netcdf/4.3.3.1/intel-15.0/include
/bin/rm -f llxy_module.o llxy_module.mod
/lib/cpp -P -traditional -D_UNDERSCORE -DBYTESWAP -DLINUX -DIO_NETCDF -DIO_BINARY -DIO_GRIB1 -DBIT32  -D_GEOGRID -DUSE_JPEG2000 -DUSE_PNG -I/gpfs/gpfs1/scratch/c7071076/WRFmodel/WPS-v4.0.2/../WRF-v4.0.3/external/io_netcdf -I/gpfs/gpfs1/scratch/c7071076/WRFmodel/WPS-v4.0.2/../WRF-v4.0.3/external/io_grib_share -I/gpfs/gpfs1/scratch/c7071076/WRFmodel/WPS-v4.0.2/../WRF-v4.0.3/external/io_grib1 -I/gpfs/gpfs1/scratch/c7071076/WRFmodel/WPS-v4.0.2/../WRF-v4.0.3/external/io_int -I/gpfs/gpfs1/scratch/c7071076/WRFmodel/WPS-v4.0.2/../WRF-v4.0.3/inc -I/usr/site/hpc/x86_64/glibc-2.17/haswell/netcdf/4.3.3.1/intel-15.0/include llxy_module.F > llxy_module.f90
ifort -FR -convert big_endian -c llxy_module.f90 -I/gpfs/gpfs1/scratch/c7071076/WRFmodel/WPS-v4.0.2/../WRF-v4.0.3/external/io_netcdf -I/gpfs/gpfs1/scratch/c7071076/WRFmodel/WPS-v4.0.2/../WRF-v4.0.3/external/io_grib_share -I/gpfs/gpfs1/scratch/c7071076/WRFmodel/WPS-v4.0.2/../WRF-v4.0.3/external/io_grib1 -I/gpfs/gpfs1/scratch/c7071076/WRFmodel/WPS-v4.0.2/../WRF-v4.0.3/external/io_int -I/gpfs/gpfs1/scratch/c7071076/WRFmodel/WPS-v4.0.2/../WRF-v4.0.3/inc -I/usr/site/hpc/x86_64/glibc-2.17/haswell/netcdf/4.3.3.1/intel-15.0/include
/bin/rm -f source_data_module.o source_data_module.mod
/lib/cpp -P -traditional -D_UNDERSCORE -DBYTESWAP -DLINUX -DIO_NETCDF -DIO_BINARY -DIO_GRIB1 -DBIT32  -D_GEOGRID -DUSE_JPEG2000 -DUSE_PNG -I/gpfs/gpfs1/scratch/c7071076/WRFmodel/WPS-v4.0.2/../WRF-v4.0.3/external/io_netcdf -I/gpfs/gpfs1/scratch/c7071076/WRFmodel/WPS-v4.0.2/../WRF-v4.0.3/external/io_grib_share -I/gpfs/gpfs1/scratch/c7071076/WRFmodel/WPS-v4.0.2/../WRF-v4.0.3/external/io_grib1 -I/gpfs/gpfs1/scratch/c7071076/WRFmodel/WPS-v4.0.2/../WRF-v4.0.3/external/io_int -I/gpfs/gpfs1/scratch/c7071076/WRFmodel/WPS-v4.0.2/../WRF-v4.0.3/inc -I/usr/site/hpc/x86_64/glibc-2.17/haswell/netcdf/4.3.3.1/intel-15.0/include source_data_module.F > source_data_module.f90
ifort -FR -convert big_endian -c source_data_module.f90 -I/gpfs/gpfs1/scratch/c7071076/WRFmodel/WPS-v4.0.2/../WRF-v4.0.3/external/io_netcdf -I/gpfs/gpfs1/scratch/c7071076/WRFmodel/WPS-v4.0.2/../WRF-v4.0.3/external/io_grib_share -I/gpfs/gpfs1/scratch/c7071076/WRFmodel/WPS-v4.0.2/../WRF-v4.0.3/external/io_grib1 -I/gpfs/gpfs1/scratch/c7071076/WRFmodel/WPS-v4.0.2/../WRF-v4.0.3/external/io_int -I/gpfs/gpfs1/scratch/c7071076/WRFmodel/WPS-v4.0.2/../WRF-v4.0.3/inc -I/usr/site/hpc/x86_64/glibc-2.17/haswell/netcdf/4.3.3.1/intel-15.0/include
/bin/rm -f output_module.o output_module.mod
/lib/cpp -P -traditional -D_UNDERSCORE -DBYTESWAP -DLINUX -DIO_NETCDF -DIO_BINARY -DIO_GRIB1 -DBIT32  -D_GEOGRID -DUSE_JPEG2000 -DUSE_PNG -I/gpfs/gpfs1/scratch/c7071076/WRFmodel/WPS-v4.0.2/../WRF-v4.0.3/external/io_netcdf -I/gpfs/gpfs1/scratch/c7071076/WRFmodel/WPS-v4.0.2/../WRF-v4.0.3/external/io_grib_share -I/gpfs/gpfs1/scratch/c7071076/WRFmodel/WPS-v4.0.2/../WRF-v4.0.3/external/io_grib1 -I/gpfs/gpfs1/scratch/c7071076/WRFmodel/WPS-v4.0.2/../WRF-v4.0.3/external/io_int -I/gpfs/gpfs1/scratch/c7071076/WRFmodel/WPS-v4.0.2/../WRF-v4.0.3/inc -I/usr/site/hpc/x86_64/glibc-2.17/haswell/netcdf/4.3.3.1/intel-15.0/include output_module.F > output_module.f90
ifort -FR -convert big_endian -c output_module.f90 -I/gpfs/gpfs1/scratch/c7071076/WRFmodel/WPS-v4.0.2/../WRF-v4.0.3/external/io_netcdf -I/gpfs/gpfs1/scratch/c7071076/WRFmodel/WPS-v4.0.2/../WRF-v4.0.3/external/io_grib_share -I/gpfs/gpfs1/scratch/c7071076/WRFmodel/WPS-v4.0.2/../WRF-v4.0.3/external/io_grib1 -I/gpfs/gpfs1/scratch/c7071076/WRFmodel/WPS-v4.0.2/../WRF-v4.0.3/external/io_int -I/gpfs/gpfs1/scratch/c7071076/WRFmodel/WPS-v4.0.2/../WRF-v4.0.3/inc -I/usr/site/hpc/x86_64/glibc-2.17/haswell/netcdf/4.3.3.1/intel-15.0/include
/bin/rm -f queue_module.o queue_module.mod
/lib/cpp -P -traditional -D_UNDERSCORE -DBYTESWAP -DLINUX -DIO_NETCDF -DIO_BINARY -DIO_GRIB1 -DBIT32  -D_GEOGRID -DUSE_JPEG2000 -DUSE_PNG -I/gpfs/gpfs1/scratch/c7071076/WRFmodel/WPS-v4.0.2/../WRF-v4.0.3/external/io_netcdf -I/gpfs/gpfs1/scratch/c7071076/WRFmodel/WPS-v4.0.2/../WRF-v4.0.3/external/io_grib_share -I/gpfs/gpfs1/scratch/c7071076/WRFmodel/WPS-v4.0.2/../WRF-v4.0.3/external/io_grib1 -I/gpfs/gpfs1/scratch/c7071076/WRFmodel/WPS-v4.0.2/../WRF-v4.0.3/external/io_int -I/gpfs/gpfs1/scratch/c7071076/WRFmodel/WPS-v4.0.2/../WRF-v4.0.3/inc -I/usr/site/hpc/x86_64/glibc-2.17/haswell/netcdf/4.3.3.1/intel-15.0/include queue_module.F > queue_module.f90
ifort -FR -convert big_endian -c queue_module.f90 -I/gpfs/gpfs1/scratch/c7071076/WRFmodel/WPS-v4.0.2/../WRF-v4.0.3/external/io_netcdf -I/gpfs/gpfs1/scratch/c7071076/WRFmodel/WPS-v4.0.2/../WRF-v4.0.3/external/io_grib_share -I/gpfs/gpfs1/scratch/c7071076/WRFmodel/WPS-v4.0.2/../WRF-v4.0.3/external/io_grib1 -I/gpfs/gpfs1/scratch/c7071076/WRFmodel/WPS-v4.0.2/../WRF-v4.0.3/external/io_int -I/gpfs/gpfs1/scratch/c7071076/WRFmodel/WPS-v4.0.2/../WRF-v4.0.3/inc -I/usr/site/hpc/x86_64/glibc-2.17/haswell/netcdf/4.3.3.1/intel-15.0/include
/bin/rm -f interp_module.o interp_module.mod
/lib/cpp -P -traditional -D_UNDERSCORE -DBYTESWAP -DLINUX -DIO_NETCDF -DIO_BINARY -DIO_GRIB1 -DBIT32  -D_GEOGRID -DUSE_JPEG2000 -DUSE_PNG -I/gpfs/gpfs1/scratch/c7071076/WRFmodel/WPS-v4.0.2/../WRF-v4.0.3/external/io_netcdf -I/gpfs/gpfs1/scratch/c7071076/WRFmodel/WPS-v4.0.2/../WRF-v4.0.3/external/io_grib_share -I/gpfs/gpfs1/scratch/c7071076/WRFmodel/WPS-v4.0.2/../WRF-v4.0.3/external/io_grib1 -I/gpfs/gpfs1/scratch/c7071076/WRFmodel/WPS-v4.0.2/../WRF-v4.0.3/external/io_int -I/gpfs/gpfs1/scratch/c7071076/WRFmodel/WPS-v4.0.2/../WRF-v4.0.3/inc -I/usr/site/hpc/x86_64/glibc-2.17/haswell/netcdf/4.3.3.1/intel-15.0/include interp_module.F > interp_module.f90
ifort -FR -convert big_endian -c interp_module.f90 -I/gpfs/gpfs1/scratch/c7071076/WRFmodel/WPS-v4.0.2/../WRF-v4.0.3/external/io_netcdf -I/gpfs/gpfs1/scratch/c7071076/WRFmodel/WPS-v4.0.2/../WRF-v4.0.3/external/io_grib_share -I/gpfs/gpfs1/scratch/c7071076/WRFmodel/WPS-v4.0.2/../WRF-v4.0.3/external/io_grib1 -I/gpfs/gpfs1/scratch/c7071076/WRFmodel/WPS-v4.0.2/../WRF-v4.0.3/external/io_int -I/gpfs/gpfs1/scratch/c7071076/WRFmodel/WPS-v4.0.2/../WRF-v4.0.3/inc -I/usr/site/hpc/x86_64/glibc-2.17/haswell/netcdf/4.3.3.1/intel-15.0/include
/bin/rm -f proc_point_module.o proc_point_module.mod
/lib/cpp -P -traditional -D_UNDERSCORE -DBYTESWAP -DLINUX -DIO_NETCDF -DIO_BINARY -DIO_GRIB1 -DBIT32  -D_GEOGRID -DUSE_JPEG2000 -DUSE_PNG -I/gpfs/gpfs1/scratch/c7071076/WRFmodel/WPS-v4.0.2/../WRF-v4.0.3/external/io_netcdf -I/gpfs/gpfs1/scratch/c7071076/WRFmodel/WPS-v4.0.2/../WRF-v4.0.3/external/io_grib_share -I/gpfs/gpfs1/scratch/c7071076/WRFmodel/WPS-v4.0.2/../WRF-v4.0.3/external/io_grib1 -I/gpfs/gpfs1/scratch/c7071076/WRFmodel/WPS-v4.0.2/../WRF-v4.0.3/external/io_int -I/gpfs/gpfs1/scratch/c7071076/WRFmodel/WPS-v4.0.2/../WRF-v4.0.3/inc -I/usr/site/hpc/x86_64/glibc-2.17/haswell/netcdf/4.3.3.1/intel-15.0/include proc_point_module.F > proc_point_module.f90
ifort -FR -convert big_endian -c proc_point_module.f90 -I/gpfs/gpfs1/scratch/c7071076/WRFmodel/WPS-v4.0.2/../WRF-v4.0.3/external/io_netcdf -I/gpfs/gpfs1/scratch/c7071076/WRFmodel/WPS-v4.0.2/../WRF-v4.0.3/external/io_grib_share -I/gpfs/gpfs1/scratch/c7071076/WRFmodel/WPS-v4.0.2/../WRF-v4.0.3/external/io_grib1 -I/gpfs/gpfs1/scratch/c7071076/WRFmodel/WPS-v4.0.2/../WRF-v4.0.3/external/io_int -I/gpfs/gpfs1/scratch/c7071076/WRFmodel/WPS-v4.0.2/../WRF-v4.0.3/inc -I/usr/site/hpc/x86_64/glibc-2.17/haswell/netcdf/4.3.3.1/intel-15.0/include
/bin/rm -f smooth_module.o smooth_module.mod
/lib/cpp -P -traditional -D_UNDERSCORE -DBYTESWAP -DLINUX -DIO_NETCDF -DIO_BINARY -DIO_GRIB1 -DBIT32  -D_GEOGRID -DUSE_JPEG2000 -DUSE_PNG -I/gpfs/gpfs1/scratch/c7071076/WRFmodel/WPS-v4.0.2/../WRF-v4.0.3/external/io_netcdf -I/gpfs/gpfs1/scratch/c7071076/WRFmodel/WPS-v4.0.2/../WRF-v4.0.3/external/io_grib_share -I/gpfs/gpfs1/scratch/c7071076/WRFmodel/WPS-v4.0.2/../WRF-v4.0.3/external/io_grib1 -I/gpfs/gpfs1/scratch/c7071076/WRFmodel/WPS-v4.0.2/../WRF-v4.0.3/external/io_int -I/gpfs/gpfs1/scratch/c7071076/WRFmodel/WPS-v4.0.2/../WRF-v4.0.3/inc -I/usr/site/hpc/x86_64/glibc-2.17/haswell/netcdf/4.3.3.1/intel-15.0/include smooth_module.F > smooth_module.f90
ifort -FR -convert big_endian -c smooth_module.f90 -I/gpfs/gpfs1/scratch/c7071076/WRFmodel/WPS-v4.0.2/../WRF-v4.0.3/external/io_netcdf -I/gpfs/gpfs1/scratch/c7071076/WRFmodel/WPS-v4.0.2/../WRF-v4.0.3/external/io_grib_share -I/gpfs/gpfs1/scratch/c7071076/WRFmodel/WPS-v4.0.2/../WRF-v4.0.3/external/io_grib1 -I/gpfs/gpfs1/scratch/c7071076/WRFmodel/WPS-v4.0.2/../WRF-v4.0.3/external/io_int -I/gpfs/gpfs1/scratch/c7071076/WRFmodel/WPS-v4.0.2/../WRF-v4.0.3/inc -I/usr/site/hpc/x86_64/glibc-2.17/haswell/netcdf/4.3.3.1/intel-15.0/include
/bin/rm -f process_tile_module.o process_tile_module.mod
/lib/cpp -P -traditional -D_UNDERSCORE -DBYTESWAP -DLINUX -DIO_NETCDF -DIO_BINARY -DIO_GRIB1 -DBIT32  -D_GEOGRID -DUSE_JPEG2000 -DUSE_PNG -I/gpfs/gpfs1/scratch/c7071076/WRFmodel/WPS-v4.0.2/../WRF-v4.0.3/external/io_netcdf -I/gpfs/gpfs1/scratch/c7071076/WRFmodel/WPS-v4.0.2/../WRF-v4.0.3/external/io_grib_share -I/gpfs/gpfs1/scratch/c7071076/WRFmodel/WPS-v4.0.2/../WRF-v4.0.3/external/io_grib1 -I/gpfs/gpfs1/scratch/c7071076/WRFmodel/WPS-v4.0.2/../WRF-v4.0.3/external/io_int -I/gpfs/gpfs1/scratch/c7071076/WRFmodel/WPS-v4.0.2/../WRF-v4.0.3/inc -I/usr/site/hpc/x86_64/glibc-2.17/haswell/netcdf/4.3.3.1/intel-15.0/include process_tile_module.F > process_tile_module.f90
ifort -FR -convert big_endian -c process_tile_module.f90 -I/gpfs/gpfs1/scratch/c7071076/WRFmodel/WPS-v4.0.2/../WRF-v4.0.3/external/io_netcdf -I/gpfs/gpfs1/scratch/c7071076/WRFmodel/WPS-v4.0.2/../WRF-v4.0.3/external/io_grib_share -I/gpfs/gpfs1/scratch/c7071076/WRFmodel/WPS-v4.0.2/../WRF-v4.0.3/external/io_grib1 -I/gpfs/gpfs1/scratch/c7071076/WRFmodel/WPS-v4.0.2/../WRF-v4.0.3/external/io_int -I/gpfs/gpfs1/scratch/c7071076/WRFmodel/WPS-v4.0.2/../WRF-v4.0.3/inc -I/usr/site/hpc/x86_64/glibc-2.17/haswell/netcdf/4.3.3.1/intel-15.0/include
/bin/rm -f geogrid.o geogrid.mod
/lib/cpp -P -traditional -D_UNDERSCORE -DBYTESWAP -DLINUX -DIO_NETCDF -DIO_BINARY -DIO_GRIB1 -DBIT32  -D_GEOGRID -DUSE_JPEG2000 -DUSE_PNG -I/gpfs/gpfs1/scratch/c7071076/WRFmodel/WPS-v4.0.2/../WRF-v4.0.3/external/io_netcdf -I/gpfs/gpfs1/scratch/c7071076/WRFmodel/WPS-v4.0.2/../WRF-v4.0.3/external/io_grib_share -I/gpfs/gpfs1/scratch/c7071076/WRFmodel/WPS-v4.0.2/../WRF-v4.0.3/external/io_grib1 -I/gpfs/gpfs1/scratch/c7071076/WRFmodel/WPS-v4.0.2/../WRF-v4.0.3/external/io_int -I/gpfs/gpfs1/scratch/c7071076/WRFmodel/WPS-v4.0.2/../WRF-v4.0.3/inc -I/usr/site/hpc/x86_64/glibc-2.17/haswell/netcdf/4.3.3.1/intel-15.0/include geogrid.F > geogrid.f90
ifort -FR -convert big_endian -c geogrid.f90 -I/gpfs/gpfs1/scratch/c7071076/WRFmodel/WPS-v4.0.2/../WRF-v4.0.3/external/io_netcdf -I/gpfs/gpfs1/scratch/c7071076/WRFmodel/WPS-v4.0.2/../WRF-v4.0.3/external/io_grib_share -I/gpfs/gpfs1/scratch/c7071076/WRFmodel/WPS-v4.0.2/../WRF-v4.0.3/external/io_grib1 -I/gpfs/gpfs1/scratch/c7071076/WRFmodel/WPS-v4.0.2/../WRF-v4.0.3/external/io_int -I/gpfs/gpfs1/scratch/c7071076/WRFmodel/WPS-v4.0.2/../WRF-v4.0.3/inc -I/usr/site/hpc/x86_64/glibc-2.17/haswell/netcdf/4.3.3.1/intel-15.0/include
/bin/rm -f read_geogrid.o
icc -D_UNDERSCORE -DBYTESWAP -DLINUX -DIO_NETCDF -DIO_BINARY -DIO_GRIB1 -DBIT32  -D_GEOGRID -w -c read_geogrid.c	
ifort  -o geogrid.exe cio.o wrf_debug.o bitarray_module.o constants_module.o module_stringutil.o geogrid.o gridinfo_module.o hash_module.o interp_module.o list_module.o llxy_module.o misc_definitions_module.o module_debug.o module_map_utils.o output_module.o parallel_module.o process_tile_module.o proc_point_module.o queue_module.o read_geogrid.o smooth_module.o source_data_module.o \
	/gpfs/gpfs1/scratch/c7071076/WRFmodel/WPS-v4.0.2/../WRF-v4.0.3/frame/module_driver_constants.o \
	/gpfs/gpfs1/scratch/c7071076/WRFmodel/WPS-v4.0.2/../WRF-v4.0.3/frame/pack_utils.o /gpfs/gpfs1/scratch/c7071076/WRFmodel/WPS-v4.0.2/../WRF-v4.0.3/frame/module_machine.o \
	/gpfs/gpfs1/scratch/c7071076/WRFmodel/WPS-v4.0.2/../WRF-v4.0.3/frame/module_internal_header_util.o \
	-I/gpfs/gpfs1/scratch/c7071076/WRFmodel/WPS-v4.0.2/../WRF-v4.0.3/external/io_netcdf -I/gpfs/gpfs1/scratch/c7071076/WRFmodel/WPS-v4.0.2/../WRF-v4.0.3/external/io_grib_share -I/gpfs/gpfs1/scratch/c7071076/WRFmodel/WPS-v4.0.2/../WRF-v4.0.3/external/io_grib1 -I/gpfs/gpfs1/scratch/c7071076/WRFmodel/WPS-v4.0.2/../WRF-v4.0.3/external/io_int -I/gpfs/gpfs1/scratch/c7071076/WRFmodel/WPS-v4.0.2/../WRF-v4.0.3/inc -I/usr/site/hpc/x86_64/glibc-2.17/haswell/netcdf/4.3.3.1/intel-15.0/include \
	-L/gpfs/gpfs1/scratch/c7071076/WRFmodel/WPS-v4.0.2/../WRF-v4.0.3/external/io_grib1 -lio_grib1 -L/gpfs/gpfs1/scratch/c7071076/WRFmodel/WPS-v4.0.2/../WRF-v4.0.3/external/io_grib_share -lio_grib_share -L/gpfs/gpfs1/scratch/c7071076/WRFmodel/WPS-v4.0.2/../WRF-v4.0.3/external/io_int -lwrfio_int -L/gpfs/gpfs1/scratch/c7071076/WRFmodel/WPS-v4.0.2/../WRF-v4.0.3/external/io_netcdf -lwrfio_nf -L/usr/site/hpc/x86_64/glibc-2.17/haswell/netcdf/4.3.3.1/intel-15.0/lib -lnetcdff -lnetcdf \
	
make[1]: Leaving directory `/gpfs/gpfs1/scratch/c7071076/WRFmodel/WPS-v4.0.2/geogrid/src'
( cd src/ngl ; make -i -r DEV_TOP="/gpfs/gpfs1/scratch/c7071076/WRFmodel/WPS-v4.0.2" CC="icc" FC="ifort" RANLIB="echo" all )
make[1]: Entering directory `/gpfs/gpfs1/scratch/c7071076/WRFmodel/WPS-v4.0.2/ungrib/src/ngl'
make[1]: Nothing to be done for `all'.
make[1]: Leaving directory `/gpfs/gpfs1/scratch/c7071076/WRFmodel/WPS-v4.0.2/ungrib/src/ngl'
( cd src ; \
        if [ "" = yes ] ; then \
          WRF_DIR2=../WRF-v4.0.3 ; \
        else \
          WRF_DIR2=/gpfs/gpfs1/scratch/c7071076/WRFmodel/WPS-v4.0.2/../WRF-v4.0.3 ; \
        fi ; \
make -i -r ungrib.exe \
	WRF_DIR="$WRF_DIR2" \
	FC="ifort" \
	CC="icc" \
	CPP="/lib/cpp -P -traditional" \
	FFLAGS="-FR -convert big_endian" \
	CFLAGS="-w" \
	LDFLAGS="" \
	CPPFLAGS="-D_UNDERSCORE -DBYTESWAP -DLINUX -DIO_NETCDF -DIO_BINARY -DIO_GRIB1 -DBIT32  -D_UNGRIB" )
make[1]: Entering directory `/gpfs/gpfs1/scratch/c7071076/WRFmodel/WPS-v4.0.2/ungrib/src'
Makefile:90: warning: overriding recipe for target `.F.o'
../../configure.wps:131: warning: ignoring old recipe for target `.F.o'
Makefile:95: warning: overriding recipe for target `.c.o'
../../configure.wps:123: warning: ignoring old recipe for target `.c.o'
make[1]: `ungrib.exe' is up to date.
make[1]: Leaving directory `/gpfs/gpfs1/scratch/c7071076/WRFmodel/WPS-v4.0.2/ungrib/src'
if [ -h ungrib.exe ] ; then \
        /bin/rm -f ungrib.exe ; \
fi ; \
if [ -h ../ungrib.exe ] ; then \
	/bin/rm -f ../ungrib.exe ; \
fi ; \
if [ -e src/ungrib.exe ] ; then \
	ln -sf src/ungrib.exe . ; \
fi
make[1]: Entering directory `/gpfs/gpfs1/scratch/c7071076/WRFmodel/WPS-v4.0.2/metgrid/src'
/bin/rm -f cio.o
icc -D_UNDERSCORE -DBYTESWAP -DLINUX -DIO_NETCDF -DIO_BINARY -DIO_GRIB1 -DBIT32  -D_METGRID -w -c cio.c	
/bin/rm -f misc_definitions_module.o misc_definitions_module.mod
/lib/cpp -P -traditional -D_UNDERSCORE -DBYTESWAP -DLINUX -DIO_NETCDF -DIO_BINARY -DIO_GRIB1 -DBIT32  -D_METGRID -DUSE_JPEG2000 -DUSE_PNG -I/gpfs/gpfs1/scratch/c7071076/WRFmodel/WPS-v4.0.2/../WRF-v4.0.3/external/io_netcdf -I/gpfs/gpfs1/scratch/c7071076/WRFmodel/WPS-v4.0.2/../WRF-v4.0.3/external/io_grib_share -I/gpfs/gpfs1/scratch/c7071076/WRFmodel/WPS-v4.0.2/../WRF-v4.0.3/external/io_grib1 -I/gpfs/gpfs1/scratch/c7071076/WRFmodel/WPS-v4.0.2/../WRF-v4.0.3/external/io_int -I/gpfs/gpfs1/scratch/c7071076/WRFmodel/WPS-v4.0.2/../WRF-v4.0.3/inc -I/usr/site/hpc/x86_64/glibc-2.17/haswell/netcdf/4.3.3.1/intel-15.0/include misc_definitions_module.F > misc_definitions_module.f90
ifort -FR -convert big_endian -c misc_definitions_module.f90 -I/gpfs/gpfs1/scratch/c7071076/WRFmodel/WPS-v4.0.2/../WRF-v4.0.3/external/io_netcdf -I/gpfs/gpfs1/scratch/c7071076/WRFmodel/WPS-v4.0.2/../WRF-v4.0.3/external/io_grib_share -I/gpfs/gpfs1/scratch/c7071076/WRFmodel/WPS-v4.0.2/../WRF-v4.0.3/external/io_grib1 -I/gpfs/gpfs1/scratch/c7071076/WRFmodel/WPS-v4.0.2/../WRF-v4.0.3/external/io_int -I/gpfs/gpfs1/scratch/c7071076/WRFmodel/WPS-v4.0.2/../WRF-v4.0.3/inc -I/usr/site/hpc/x86_64/glibc-2.17/haswell/netcdf/4.3.3.1/intel-15.0/include
/bin/rm -f parallel_module.o parallel_module.mod
/lib/cpp -P -traditional -D_UNDERSCORE -DBYTESWAP -DLINUX -DIO_NETCDF -DIO_BINARY -DIO_GRIB1 -DBIT32  -D_METGRID -DUSE_JPEG2000 -DUSE_PNG -I/gpfs/gpfs1/scratch/c7071076/WRFmodel/WPS-v4.0.2/../WRF-v4.0.3/external/io_netcdf -I/gpfs/gpfs1/scratch/c7071076/WRFmodel/WPS-v4.0.2/../WRF-v4.0.3/external/io_grib_share -I/gpfs/gpfs1/scratch/c7071076/WRFmodel/WPS-v4.0.2/../WRF-v4.0.3/external/io_grib1 -I/gpfs/gpfs1/scratch/c7071076/WRFmodel/WPS-v4.0.2/../WRF-v4.0.3/external/io_int -I/gpfs/gpfs1/scratch/c7071076/WRFmodel/WPS-v4.0.2/../WRF-v4.0.3/inc -I/usr/site/hpc/x86_64/glibc-2.17/haswell/netcdf/4.3.3.1/intel-15.0/include parallel_module.F > parallel_module.f90
ifort -FR -convert big_endian -c parallel_module.f90 -I/gpfs/gpfs1/scratch/c7071076/WRFmodel/WPS-v4.0.2/../WRF-v4.0.3/external/io_netcdf -I/gpfs/gpfs1/scratch/c7071076/WRFmodel/WPS-v4.0.2/../WRF-v4.0.3/external/io_grib_share -I/gpfs/gpfs1/scratch/c7071076/WRFmodel/WPS-v4.0.2/../WRF-v4.0.3/external/io_grib1 -I/gpfs/gpfs1/scratch/c7071076/WRFmodel/WPS-v4.0.2/../WRF-v4.0.3/external/io_int -I/gpfs/gpfs1/scratch/c7071076/WRFmodel/WPS-v4.0.2/../WRF-v4.0.3/inc -I/usr/site/hpc/x86_64/glibc-2.17/haswell/netcdf/4.3.3.1/intel-15.0/include
/bin/rm -f module_debug.o module_debug.mod
/lib/cpp -P -traditional -D_UNDERSCORE -DBYTESWAP -DLINUX -DIO_NETCDF -DIO_BINARY -DIO_GRIB1 -DBIT32  -D_METGRID -DUSE_JPEG2000 -DUSE_PNG -I/gpfs/gpfs1/scratch/c7071076/WRFmodel/WPS-v4.0.2/../WRF-v4.0.3/external/io_netcdf -I/gpfs/gpfs1/scratch/c7071076/WRFmodel/WPS-v4.0.2/../WRF-v4.0.3/external/io_grib_share -I/gpfs/gpfs1/scratch/c7071076/WRFmodel/WPS-v4.0.2/../WRF-v4.0.3/external/io_grib1 -I/gpfs/gpfs1/scratch/c7071076/WRFmodel/WPS-v4.0.2/../WRF-v4.0.3/external/io_int -I/gpfs/gpfs1/scratch/c7071076/WRFmodel/WPS-v4.0.2/../WRF-v4.0.3/inc -I/usr/site/hpc/x86_64/glibc-2.17/haswell/netcdf/4.3.3.1/intel-15.0/include module_debug.F > module_debug.f90
ifort -FR -convert big_endian -c module_debug.f90 -I/gpfs/gpfs1/scratch/c7071076/WRFmodel/WPS-v4.0.2/../WRF-v4.0.3/external/io_netcdf -I/gpfs/gpfs1/scratch/c7071076/WRFmodel/WPS-v4.0.2/../WRF-v4.0.3/external/io_grib_share -I/gpfs/gpfs1/scratch/c7071076/WRFmodel/WPS-v4.0.2/../WRF-v4.0.3/external/io_grib1 -I/gpfs/gpfs1/scratch/c7071076/WRFmodel/WPS-v4.0.2/../WRF-v4.0.3/external/io_int -I/gpfs/gpfs1/scratch/c7071076/WRFmodel/WPS-v4.0.2/../WRF-v4.0.3/inc -I/usr/site/hpc/x86_64/glibc-2.17/haswell/netcdf/4.3.3.1/intel-15.0/include
/bin/rm -f gridinfo_module.o gridinfo_module.mod
/lib/cpp -P -traditional -D_UNDERSCORE -DBYTESWAP -DLINUX -DIO_NETCDF -DIO_BINARY -DIO_GRIB1 -DBIT32  -D_METGRID -DUSE_JPEG2000 -DUSE_PNG -I/gpfs/gpfs1/scratch/c7071076/WRFmodel/WPS-v4.0.2/../WRF-v4.0.3/external/io_netcdf -I/gpfs/gpfs1/scratch/c7071076/WRFmodel/WPS-v4.0.2/../WRF-v4.0.3/external/io_grib_share -I/gpfs/gpfs1/scratch/c7071076/WRFmodel/WPS-v4.0.2/../WRF-v4.0.3/external/io_grib1 -I/gpfs/gpfs1/scratch/c7071076/WRFmodel/WPS-v4.0.2/../WRF-v4.0.3/external/io_int -I/gpfs/gpfs1/scratch/c7071076/WRFmodel/WPS-v4.0.2/../WRF-v4.0.3/inc -I/usr/site/hpc/x86_64/glibc-2.17/haswell/netcdf/4.3.3.1/intel-15.0/include gridinfo_module.F > gridinfo_module.f90
ifort -FR -convert big_endian -c gridinfo_module.f90 -I/gpfs/gpfs1/scratch/c7071076/WRFmodel/WPS-v4.0.2/../WRF-v4.0.3/external/io_netcdf -I/gpfs/gpfs1/scratch/c7071076/WRFmodel/WPS-v4.0.2/../WRF-v4.0.3/external/io_grib_share -I/gpfs/gpfs1/scratch/c7071076/WRFmodel/WPS-v4.0.2/../WRF-v4.0.3/external/io_grib1 -I/gpfs/gpfs1/scratch/c7071076/WRFmodel/WPS-v4.0.2/../WRF-v4.0.3/external/io_int -I/gpfs/gpfs1/scratch/c7071076/WRFmodel/WPS-v4.0.2/../WRF-v4.0.3/inc -I/usr/site/hpc/x86_64/glibc-2.17/haswell/netcdf/4.3.3.1/intel-15.0/include
/bin/rm -f wrf_debug.o wrf_debug.mod
/lib/cpp -P -traditional -D_UNDERSCORE -DBYTESWAP -DLINUX -DIO_NETCDF -DIO_BINARY -DIO_GRIB1 -DBIT32  -D_METGRID -DUSE_JPEG2000 -DUSE_PNG -I/gpfs/gpfs1/scratch/c7071076/WRFmodel/WPS-v4.0.2/../WRF-v4.0.3/external/io_netcdf -I/gpfs/gpfs1/scratch/c7071076/WRFmodel/WPS-v4.0.2/../WRF-v4.0.3/external/io_grib_share -I/gpfs/gpfs1/scratch/c7071076/WRFmodel/WPS-v4.0.2/../WRF-v4.0.3/external/io_grib1 -I/gpfs/gpfs1/scratch/c7071076/WRFmodel/WPS-v4.0.2/../WRF-v4.0.3/external/io_int -I/gpfs/gpfs1/scratch/c7071076/WRFmodel/WPS-v4.0.2/../WRF-v4.0.3/inc -I/usr/site/hpc/x86_64/glibc-2.17/haswell/netcdf/4.3.3.1/intel-15.0/include wrf_debug.F > wrf_debug.f90
ifort -FR -convert big_endian -c wrf_debug.f90 -I/gpfs/gpfs1/scratch/c7071076/WRFmodel/WPS-v4.0.2/../WRF-v4.0.3/external/io_netcdf -I/gpfs/gpfs1/scratch/c7071076/WRFmodel/WPS-v4.0.2/../WRF-v4.0.3/external/io_grib_share -I/gpfs/gpfs1/scratch/c7071076/WRFmodel/WPS-v4.0.2/../WRF-v4.0.3/external/io_grib1 -I/gpfs/gpfs1/scratch/c7071076/WRFmodel/WPS-v4.0.2/../WRF-v4.0.3/external/io_int -I/gpfs/gpfs1/scratch/c7071076/WRFmodel/WPS-v4.0.2/../WRF-v4.0.3/inc -I/usr/site/hpc/x86_64/glibc-2.17/haswell/netcdf/4.3.3.1/intel-15.0/include
/bin/rm -f bitarray_module.o bitarray_module.mod
/lib/cpp -P -traditional -D_UNDERSCORE -DBYTESWAP -DLINUX -DIO_NETCDF -DIO_BINARY -DIO_GRIB1 -DBIT32  -D_METGRID -DUSE_JPEG2000 -DUSE_PNG -I/gpfs/gpfs1/scratch/c7071076/WRFmodel/WPS-v4.0.2/../WRF-v4.0.3/external/io_netcdf -I/gpfs/gpfs1/scratch/c7071076/WRFmodel/WPS-v4.0.2/../WRF-v4.0.3/external/io_grib_share -I/gpfs/gpfs1/scratch/c7071076/WRFmodel/WPS-v4.0.2/../WRF-v4.0.3/external/io_grib1 -I/gpfs/gpfs1/scratch/c7071076/WRFmodel/WPS-v4.0.2/../WRF-v4.0.3/external/io_int -I/gpfs/gpfs1/scratch/c7071076/WRFmodel/WPS-v4.0.2/../WRF-v4.0.3/inc -I/usr/site/hpc/x86_64/glibc-2.17/haswell/netcdf/4.3.3.1/intel-15.0/include bitarray_module.F > bitarray_module.f90
ifort -FR -convert big_endian -c bitarray_module.f90 -I/gpfs/gpfs1/scratch/c7071076/WRFmodel/WPS-v4.0.2/../WRF-v4.0.3/external/io_netcdf -I/gpfs/gpfs1/scratch/c7071076/WRFmodel/WPS-v4.0.2/../WRF-v4.0.3/external/io_grib_share -I/gpfs/gpfs1/scratch/c7071076/WRFmodel/WPS-v4.0.2/../WRF-v4.0.3/external/io_grib1 -I/gpfs/gpfs1/scratch/c7071076/WRFmodel/WPS-v4.0.2/../WRF-v4.0.3/external/io_int -I/gpfs/gpfs1/scratch/c7071076/WRFmodel/WPS-v4.0.2/../WRF-v4.0.3/inc -I/usr/site/hpc/x86_64/glibc-2.17/haswell/netcdf/4.3.3.1/intel-15.0/include
/bin/rm -f constants_module.o constants_module.mod
/lib/cpp -P -traditional -D_UNDERSCORE -DBYTESWAP -DLINUX -DIO_NETCDF -DIO_BINARY -DIO_GRIB1 -DBIT32  -D_METGRID -DUSE_JPEG2000 -DUSE_PNG -I/gpfs/gpfs1/scratch/c7071076/WRFmodel/WPS-v4.0.2/../WRF-v4.0.3/external/io_netcdf -I/gpfs/gpfs1/scratch/c7071076/WRFmodel/WPS-v4.0.2/../WRF-v4.0.3/external/io_grib_share -I/gpfs/gpfs1/scratch/c7071076/WRFmodel/WPS-v4.0.2/../WRF-v4.0.3/external/io_grib1 -I/gpfs/gpfs1/scratch/c7071076/WRFmodel/WPS-v4.0.2/../WRF-v4.0.3/external/io_int -I/gpfs/gpfs1/scratch/c7071076/WRFmodel/WPS-v4.0.2/../WRF-v4.0.3/inc -I/usr/site/hpc/x86_64/glibc-2.17/haswell/netcdf/4.3.3.1/intel-15.0/include constants_module.F > constants_module.f90
ifort -FR -convert big_endian -c constants_module.f90 -I/gpfs/gpfs1/scratch/c7071076/WRFmodel/WPS-v4.0.2/../WRF-v4.0.3/external/io_netcdf -I/gpfs/gpfs1/scratch/c7071076/WRFmodel/WPS-v4.0.2/../WRF-v4.0.3/external/io_grib_share -I/gpfs/gpfs1/scratch/c7071076/WRFmodel/WPS-v4.0.2/../WRF-v4.0.3/external/io_grib1 -I/gpfs/gpfs1/scratch/c7071076/WRFmodel/WPS-v4.0.2/../WRF-v4.0.3/external/io_int -I/gpfs/gpfs1/scratch/c7071076/WRFmodel/WPS-v4.0.2/../WRF-v4.0.3/inc -I/usr/site/hpc/x86_64/glibc-2.17/haswell/netcdf/4.3.3.1/intel-15.0/include
/bin/rm -f datatype_module.o datatype_module.mod
/lib/cpp -P -traditional -D_UNDERSCORE -DBYTESWAP -DLINUX -DIO_NETCDF -DIO_BINARY -DIO_GRIB1 -DBIT32  -D_METGRID -DUSE_JPEG2000 -DUSE_PNG -I/gpfs/gpfs1/scratch/c7071076/WRFmodel/WPS-v4.0.2/../WRF-v4.0.3/external/io_netcdf -I/gpfs/gpfs1/scratch/c7071076/WRFmodel/WPS-v4.0.2/../WRF-v4.0.3/external/io_grib_share -I/gpfs/gpfs1/scratch/c7071076/WRFmodel/WPS-v4.0.2/../WRF-v4.0.3/external/io_grib1 -I/gpfs/gpfs1/scratch/c7071076/WRFmodel/WPS-v4.0.2/../WRF-v4.0.3/external/io_int -I/gpfs/gpfs1/scratch/c7071076/WRFmodel/WPS-v4.0.2/../WRF-v4.0.3/inc -I/usr/site/hpc/x86_64/glibc-2.17/haswell/netcdf/4.3.3.1/intel-15.0/include datatype_module.F > datatype_module.f90
ifort -FR -convert big_endian -c datatype_module.f90 -I/gpfs/gpfs1/scratch/c7071076/WRFmodel/WPS-v4.0.2/../WRF-v4.0.3/external/io_netcdf -I/gpfs/gpfs1/scratch/c7071076/WRFmodel/WPS-v4.0.2/../WRF-v4.0.3/external/io_grib_share -I/gpfs/gpfs1/scratch/c7071076/WRFmodel/WPS-v4.0.2/../WRF-v4.0.3/external/io_grib1 -I/gpfs/gpfs1/scratch/c7071076/WRFmodel/WPS-v4.0.2/../WRF-v4.0.3/external/io_int -I/gpfs/gpfs1/scratch/c7071076/WRFmodel/WPS-v4.0.2/../WRF-v4.0.3/inc -I/usr/site/hpc/x86_64/glibc-2.17/haswell/netcdf/4.3.3.1/intel-15.0/include
/bin/rm -f module_stringutil.o module_stringutil.mod
/lib/cpp -P -traditional -D_UNDERSCORE -DBYTESWAP -DLINUX -DIO_NETCDF -DIO_BINARY -DIO_GRIB1 -DBIT32  -D_METGRID -DUSE_JPEG2000 -DUSE_PNG -I/gpfs/gpfs1/scratch/c7071076/WRFmodel/WPS-v4.0.2/../WRF-v4.0.3/external/io_netcdf -I/gpfs/gpfs1/scratch/c7071076/WRFmodel/WPS-v4.0.2/../WRF-v4.0.3/external/io_grib_share -I/gpfs/gpfs1/scratch/c7071076/WRFmodel/WPS-v4.0.2/../WRF-v4.0.3/external/io_grib1 -I/gpfs/gpfs1/scratch/c7071076/WRFmodel/WPS-v4.0.2/../WRF-v4.0.3/external/io_int -I/gpfs/gpfs1/scratch/c7071076/WRFmodel/WPS-v4.0.2/../WRF-v4.0.3/inc -I/usr/site/hpc/x86_64/glibc-2.17/haswell/netcdf/4.3.3.1/intel-15.0/include module_stringutil.F > module_stringutil.f90
ifort -FR -convert big_endian -c module_stringutil.f90 -I/gpfs/gpfs1/scratch/c7071076/WRFmodel/WPS-v4.0.2/../WRF-v4.0.3/external/io_netcdf -I/gpfs/gpfs1/scratch/c7071076/WRFmodel/WPS-v4.0.2/../WRF-v4.0.3/external/io_grib_share -I/gpfs/gpfs1/scratch/c7071076/WRFmodel/WPS-v4.0.2/../WRF-v4.0.3/external/io_grib1 -I/gpfs/gpfs1/scratch/c7071076/WRFmodel/WPS-v4.0.2/../WRF-v4.0.3/external/io_int -I/gpfs/gpfs1/scratch/c7071076/WRFmodel/WPS-v4.0.2/../WRF-v4.0.3/inc -I/usr/site/hpc/x86_64/glibc-2.17/haswell/netcdf/4.3.3.1/intel-15.0/include
/bin/rm -f list_module.o list_module.mod
/lib/cpp -P -traditional -D_UNDERSCORE -DBYTESWAP -DLINUX -DIO_NETCDF -DIO_BINARY -DIO_GRIB1 -DBIT32  -D_METGRID -DUSE_JPEG2000 -DUSE_PNG -I/gpfs/gpfs1/scratch/c7071076/WRFmodel/WPS-v4.0.2/../WRF-v4.0.3/external/io_netcdf -I/gpfs/gpfs1/scratch/c7071076/WRFmodel/WPS-v4.0.2/../WRF-v4.0.3/external/io_grib_share -I/gpfs/gpfs1/scratch/c7071076/WRFmodel/WPS-v4.0.2/../WRF-v4.0.3/external/io_grib1 -I/gpfs/gpfs1/scratch/c7071076/WRFmodel/WPS-v4.0.2/../WRF-v4.0.3/external/io_int -I/gpfs/gpfs1/scratch/c7071076/WRFmodel/WPS-v4.0.2/../WRF-v4.0.3/inc -I/usr/site/hpc/x86_64/glibc-2.17/haswell/netcdf/4.3.3.1/intel-15.0/include list_module.F > list_module.f90
ifort -FR -convert big_endian -c list_module.f90 -I/gpfs/gpfs1/scratch/c7071076/WRFmodel/WPS-v4.0.2/../WRF-v4.0.3/external/io_netcdf -I/gpfs/gpfs1/scratch/c7071076/WRFmodel/WPS-v4.0.2/../WRF-v4.0.3/external/io_grib_share -I/gpfs/gpfs1/scratch/c7071076/WRFmodel/WPS-v4.0.2/../WRF-v4.0.3/external/io_grib1 -I/gpfs/gpfs1/scratch/c7071076/WRFmodel/WPS-v4.0.2/../WRF-v4.0.3/external/io_int -I/gpfs/gpfs1/scratch/c7071076/WRFmodel/WPS-v4.0.2/../WRF-v4.0.3/inc -I/usr/site/hpc/x86_64/glibc-2.17/haswell/netcdf/4.3.3.1/intel-15.0/include
/bin/rm -f interp_option_module.o interp_option_module.mod
/lib/cpp -P -traditional -D_UNDERSCORE -DBYTESWAP -DLINUX -DIO_NETCDF -DIO_BINARY -DIO_GRIB1 -DBIT32  -D_METGRID -DUSE_JPEG2000 -DUSE_PNG -I/gpfs/gpfs1/scratch/c7071076/WRFmodel/WPS-v4.0.2/../WRF-v4.0.3/external/io_netcdf -I/gpfs/gpfs1/scratch/c7071076/WRFmodel/WPS-v4.0.2/../WRF-v4.0.3/external/io_grib_share -I/gpfs/gpfs1/scratch/c7071076/WRFmodel/WPS-v4.0.2/../WRF-v4.0.3/external/io_grib1 -I/gpfs/gpfs1/scratch/c7071076/WRFmodel/WPS-v4.0.2/../WRF-v4.0.3/external/io_int -I/gpfs/gpfs1/scratch/c7071076/WRFmodel/WPS-v4.0.2/../WRF-v4.0.3/inc -I/usr/site/hpc/x86_64/glibc-2.17/haswell/netcdf/4.3.3.1/intel-15.0/include interp_option_module.F > interp_option_module.f90
ifort -FR -convert big_endian -c interp_option_module.f90 -I/gpfs/gpfs1/scratch/c7071076/WRFmodel/WPS-v4.0.2/../WRF-v4.0.3/external/io_netcdf -I/gpfs/gpfs1/scratch/c7071076/WRFmodel/WPS-v4.0.2/../WRF-v4.0.3/external/io_grib_share -I/gpfs/gpfs1/scratch/c7071076/WRFmodel/WPS-v4.0.2/../WRF-v4.0.3/external/io_grib1 -I/gpfs/gpfs1/scratch/c7071076/WRFmodel/WPS-v4.0.2/../WRF-v4.0.3/external/io_int -I/gpfs/gpfs1/scratch/c7071076/WRFmodel/WPS-v4.0.2/../WRF-v4.0.3/inc -I/usr/site/hpc/x86_64/glibc-2.17/haswell/netcdf/4.3.3.1/intel-15.0/include
/bin/rm -f module_date_pack.o module_date_pack.mod
/lib/cpp -P -traditional -D_UNDERSCORE -DBYTESWAP -DLINUX -DIO_NETCDF -DIO_BINARY -DIO_GRIB1 -DBIT32  -D_METGRID -DUSE_JPEG2000 -DUSE_PNG -I/gpfs/gpfs1/scratch/c7071076/WRFmodel/WPS-v4.0.2/../WRF-v4.0.3/external/io_netcdf -I/gpfs/gpfs1/scratch/c7071076/WRFmodel/WPS-v4.0.2/../WRF-v4.0.3/external/io_grib_share -I/gpfs/gpfs1/scratch/c7071076/WRFmodel/WPS-v4.0.2/../WRF-v4.0.3/external/io_grib1 -I/gpfs/gpfs1/scratch/c7071076/WRFmodel/WPS-v4.0.2/../WRF-v4.0.3/external/io_int -I/gpfs/gpfs1/scratch/c7071076/WRFmodel/WPS-v4.0.2/../WRF-v4.0.3/inc -I/usr/site/hpc/x86_64/glibc-2.17/haswell/netcdf/4.3.3.1/intel-15.0/include module_date_pack.F > module_date_pack.f90
ifort -FR -convert big_endian -c module_date_pack.f90 -I/gpfs/gpfs1/scratch/c7071076/WRFmodel/WPS-v4.0.2/../WRF-v4.0.3/external/io_netcdf -I/gpfs/gpfs1/scratch/c7071076/WRFmodel/WPS-v4.0.2/../WRF-v4.0.3/external/io_grib_share -I/gpfs/gpfs1/scratch/c7071076/WRFmodel/WPS-v4.0.2/../WRF-v4.0.3/external/io_grib1 -I/gpfs/gpfs1/scratch/c7071076/WRFmodel/WPS-v4.0.2/../WRF-v4.0.3/external/io_int -I/gpfs/gpfs1/scratch/c7071076/WRFmodel/WPS-v4.0.2/../WRF-v4.0.3/inc -I/usr/site/hpc/x86_64/glibc-2.17/haswell/netcdf/4.3.3.1/intel-15.0/include
/bin/rm -f queue_module.o queue_module.mod
/lib/cpp -P -traditional -D_UNDERSCORE -DBYTESWAP -DLINUX -DIO_NETCDF -DIO_BINARY -DIO_GRIB1 -DBIT32  -D_METGRID -DUSE_JPEG2000 -DUSE_PNG -I/gpfs/gpfs1/scratch/c7071076/WRFmodel/WPS-v4.0.2/../WRF-v4.0.3/external/io_netcdf -I/gpfs/gpfs1/scratch/c7071076/WRFmodel/WPS-v4.0.2/../WRF-v4.0.3/external/io_grib_share -I/gpfs/gpfs1/scratch/c7071076/WRFmodel/WPS-v4.0.2/../WRF-v4.0.3/external/io_grib1 -I/gpfs/gpfs1/scratch/c7071076/WRFmodel/WPS-v4.0.2/../WRF-v4.0.3/external/io_int -I/gpfs/gpfs1/scratch/c7071076/WRFmodel/WPS-v4.0.2/../WRF-v4.0.3/inc -I/usr/site/hpc/x86_64/glibc-2.17/haswell/netcdf/4.3.3.1/intel-15.0/include queue_module.F > queue_module.f90
ifort -FR -convert big_endian -c queue_module.f90 -I/gpfs/gpfs1/scratch/c7071076/WRFmodel/WPS-v4.0.2/../WRF-v4.0.3/external/io_netcdf -I/gpfs/gpfs1/scratch/c7071076/WRFmodel/WPS-v4.0.2/../WRF-v4.0.3/external/io_grib_share -I/gpfs/gpfs1/scratch/c7071076/WRFmodel/WPS-v4.0.2/../WRF-v4.0.3/external/io_grib1 -I/gpfs/gpfs1/scratch/c7071076/WRFmodel/WPS-v4.0.2/../WRF-v4.0.3/external/io_int -I/gpfs/gpfs1/scratch/c7071076/WRFmodel/WPS-v4.0.2/../WRF-v4.0.3/inc -I/usr/site/hpc/x86_64/glibc-2.17/haswell/netcdf/4.3.3.1/intel-15.0/include
/bin/rm -f input_module.o input_module.mod
/lib/cpp -P -traditional -D_UNDERSCORE -DBYTESWAP -DLINUX -DIO_NETCDF -DIO_BINARY -DIO_GRIB1 -DBIT32  -D_METGRID -DUSE_JPEG2000 -DUSE_PNG -I/gpfs/gpfs1/scratch/c7071076/WRFmodel/WPS-v4.0.2/../WRF-v4.0.3/external/io_netcdf -I/gpfs/gpfs1/scratch/c7071076/WRFmodel/WPS-v4.0.2/../WRF-v4.0.3/external/io_grib_share -I/gpfs/gpfs1/scratch/c7071076/WRFmodel/WPS-v4.0.2/../WRF-v4.0.3/external/io_grib1 -I/gpfs/gpfs1/scratch/c7071076/WRFmodel/WPS-v4.0.2/../WRF-v4.0.3/external/io_int -I/gpfs/gpfs1/scratch/c7071076/WRFmodel/WPS-v4.0.2/../WRF-v4.0.3/inc -I/usr/site/hpc/x86_64/glibc-2.17/haswell/netcdf/4.3.3.1/intel-15.0/include input_module.F > input_module.f90
ifort -FR -convert big_endian -c input_module.f90 -I/gpfs/gpfs1/scratch/c7071076/WRFmodel/WPS-v4.0.2/../WRF-v4.0.3/external/io_netcdf -I/gpfs/gpfs1/scratch/c7071076/WRFmodel/WPS-v4.0.2/../WRF-v4.0.3/external/io_grib_share -I/gpfs/gpfs1/scratch/c7071076/WRFmodel/WPS-v4.0.2/../WRF-v4.0.3/external/io_grib1 -I/gpfs/gpfs1/scratch/c7071076/WRFmodel/WPS-v4.0.2/../WRF-v4.0.3/external/io_int -I/gpfs/gpfs1/scratch/c7071076/WRFmodel/WPS-v4.0.2/../WRF-v4.0.3/inc -I/usr/site/hpc/x86_64/glibc-2.17/haswell/netcdf/4.3.3.1/intel-15.0/include
/bin/rm -f interp_module.o interp_module.mod
/lib/cpp -P -traditional -D_UNDERSCORE -DBYTESWAP -DLINUX -DIO_NETCDF -DIO_BINARY -DIO_GRIB1 -DBIT32  -D_METGRID -DUSE_JPEG2000 -DUSE_PNG -I/gpfs/gpfs1/scratch/c7071076/WRFmodel/WPS-v4.0.2/../WRF-v4.0.3/external/io_netcdf -I/gpfs/gpfs1/scratch/c7071076/WRFmodel/WPS-v4.0.2/../WRF-v4.0.3/external/io_grib_share -I/gpfs/gpfs1/scratch/c7071076/WRFmodel/WPS-v4.0.2/../WRF-v4.0.3/external/io_grib1 -I/gpfs/gpfs1/scratch/c7071076/WRFmodel/WPS-v4.0.2/../WRF-v4.0.3/external/io_int -I/gpfs/gpfs1/scratch/c7071076/WRFmodel/WPS-v4.0.2/../WRF-v4.0.3/inc -I/usr/site/hpc/x86_64/glibc-2.17/haswell/netcdf/4.3.3.1/intel-15.0/include interp_module.F > interp_module.f90
ifort -FR -convert big_endian -c interp_module.f90 -I/gpfs/gpfs1/scratch/c7071076/WRFmodel/WPS-v4.0.2/../WRF-v4.0.3/external/io_netcdf -I/gpfs/gpfs1/scratch/c7071076/WRFmodel/WPS-v4.0.2/../WRF-v4.0.3/external/io_grib_share -I/gpfs/gpfs1/scratch/c7071076/WRFmodel/WPS-v4.0.2/../WRF-v4.0.3/external/io_grib1 -I/gpfs/gpfs1/scratch/c7071076/WRFmodel/WPS-v4.0.2/../WRF-v4.0.3/external/io_int -I/gpfs/gpfs1/scratch/c7071076/WRFmodel/WPS-v4.0.2/../WRF-v4.0.3/inc -I/usr/site/hpc/x86_64/glibc-2.17/haswell/netcdf/4.3.3.1/intel-15.0/include
/bin/rm -f module_map_utils.o module_map_utils.mod
/lib/cpp -P -traditional -D_UNDERSCORE -DBYTESWAP -DLINUX -DIO_NETCDF -DIO_BINARY -DIO_GRIB1 -DBIT32  -D_METGRID -DUSE_JPEG2000 -DUSE_PNG -I/gpfs/gpfs1/scratch/c7071076/WRFmodel/WPS-v4.0.2/../WRF-v4.0.3/external/io_netcdf -I/gpfs/gpfs1/scratch/c7071076/WRFmodel/WPS-v4.0.2/../WRF-v4.0.3/external/io_grib_share -I/gpfs/gpfs1/scratch/c7071076/WRFmodel/WPS-v4.0.2/../WRF-v4.0.3/external/io_grib1 -I/gpfs/gpfs1/scratch/c7071076/WRFmodel/WPS-v4.0.2/../WRF-v4.0.3/external/io_int -I/gpfs/gpfs1/scratch/c7071076/WRFmodel/WPS-v4.0.2/../WRF-v4.0.3/inc -I/usr/site/hpc/x86_64/glibc-2.17/haswell/netcdf/4.3.3.1/intel-15.0/include module_map_utils.F > module_map_utils.f90
ifort -FR -convert big_endian -c module_map_utils.f90 -I/gpfs/gpfs1/scratch/c7071076/WRFmodel/WPS-v4.0.2/../WRF-v4.0.3/external/io_netcdf -I/gpfs/gpfs1/scratch/c7071076/WRFmodel/WPS-v4.0.2/../WRF-v4.0.3/external/io_grib_share -I/gpfs/gpfs1/scratch/c7071076/WRFmodel/WPS-v4.0.2/../WRF-v4.0.3/external/io_grib1 -I/gpfs/gpfs1/scratch/c7071076/WRFmodel/WPS-v4.0.2/../WRF-v4.0.3/external/io_int -I/gpfs/gpfs1/scratch/c7071076/WRFmodel/WPS-v4.0.2/../WRF-v4.0.3/inc -I/usr/site/hpc/x86_64/glibc-2.17/haswell/netcdf/4.3.3.1/intel-15.0/include
/bin/rm -f llxy_module.o llxy_module.mod
/lib/cpp -P -traditional -D_UNDERSCORE -DBYTESWAP -DLINUX -DIO_NETCDF -DIO_BINARY -DIO_GRIB1 -DBIT32  -D_METGRID -DUSE_JPEG2000 -DUSE_PNG -I/gpfs/gpfs1/scratch/c7071076/WRFmodel/WPS-v4.0.2/../WRF-v4.0.3/external/io_netcdf -I/gpfs/gpfs1/scratch/c7071076/WRFmodel/WPS-v4.0.2/../WRF-v4.0.3/external/io_grib_share -I/gpfs/gpfs1/scratch/c7071076/WRFmodel/WPS-v4.0.2/../WRF-v4.0.3/external/io_grib1 -I/gpfs/gpfs1/scratch/c7071076/WRFmodel/WPS-v4.0.2/../WRF-v4.0.3/external/io_int -I/gpfs/gpfs1/scratch/c7071076/WRFmodel/WPS-v4.0.2/../WRF-v4.0.3/inc -I/usr/site/hpc/x86_64/glibc-2.17/haswell/netcdf/4.3.3.1/intel-15.0/include llxy_module.F > llxy_module.f90
ifort -FR -convert big_endian -c llxy_module.f90 -I/gpfs/gpfs1/scratch/c7071076/WRFmodel/WPS-v4.0.2/../WRF-v4.0.3/external/io_netcdf -I/gpfs/gpfs1/scratch/c7071076/WRFmodel/WPS-v4.0.2/../WRF-v4.0.3/external/io_grib_share -I/gpfs/gpfs1/scratch/c7071076/WRFmodel/WPS-v4.0.2/../WRF-v4.0.3/external/io_grib1 -I/gpfs/gpfs1/scratch/c7071076/WRFmodel/WPS-v4.0.2/../WRF-v4.0.3/external/io_int -I/gpfs/gpfs1/scratch/c7071076/WRFmodel/WPS-v4.0.2/../WRF-v4.0.3/inc -I/usr/site/hpc/x86_64/glibc-2.17/haswell/netcdf/4.3.3.1/intel-15.0/include
/bin/rm -f module_mergesort.o module_mergesort.mod
/lib/cpp -P -traditional -D_UNDERSCORE -DBYTESWAP -DLINUX -DIO_NETCDF -DIO_BINARY -DIO_GRIB1 -DBIT32  -D_METGRID -DUSE_JPEG2000 -DUSE_PNG -I/gpfs/gpfs1/scratch/c7071076/WRFmodel/WPS-v4.0.2/../WRF-v4.0.3/external/io_netcdf -I/gpfs/gpfs1/scratch/c7071076/WRFmodel/WPS-v4.0.2/../WRF-v4.0.3/external/io_grib_share -I/gpfs/gpfs1/scratch/c7071076/WRFmodel/WPS-v4.0.2/../WRF-v4.0.3/external/io_grib1 -I/gpfs/gpfs1/scratch/c7071076/WRFmodel/WPS-v4.0.2/../WRF-v4.0.3/external/io_int -I/gpfs/gpfs1/scratch/c7071076/WRFmodel/WPS-v4.0.2/../WRF-v4.0.3/inc -I/usr/site/hpc/x86_64/glibc-2.17/haswell/netcdf/4.3.3.1/intel-15.0/include module_mergesort.F > module_mergesort.f90
ifort -FR -convert big_endian -c module_mergesort.f90 -I/gpfs/gpfs1/scratch/c7071076/WRFmodel/WPS-v4.0.2/../WRF-v4.0.3/external/io_netcdf -I/gpfs/gpfs1/scratch/c7071076/WRFmodel/WPS-v4.0.2/../WRF-v4.0.3/external/io_grib_share -I/gpfs/gpfs1/scratch/c7071076/WRFmodel/WPS-v4.0.2/../WRF-v4.0.3/external/io_grib1 -I/gpfs/gpfs1/scratch/c7071076/WRFmodel/WPS-v4.0.2/../WRF-v4.0.3/external/io_int -I/gpfs/gpfs1/scratch/c7071076/WRFmodel/WPS-v4.0.2/../WRF-v4.0.3/inc -I/usr/site/hpc/x86_64/glibc-2.17/haswell/netcdf/4.3.3.1/intel-15.0/include
/bin/rm -f minheap_module.o minheap_module.mod
/lib/cpp -P -traditional -D_UNDERSCORE -DBYTESWAP -DLINUX -DIO_NETCDF -DIO_BINARY -DIO_GRIB1 -DBIT32  -D_METGRID -DUSE_JPEG2000 -DUSE_PNG -I/gpfs/gpfs1/scratch/c7071076/WRFmodel/WPS-v4.0.2/../WRF-v4.0.3/external/io_netcdf -I/gpfs/gpfs1/scratch/c7071076/WRFmodel/WPS-v4.0.2/../WRF-v4.0.3/external/io_grib_share -I/gpfs/gpfs1/scratch/c7071076/WRFmodel/WPS-v4.0.2/../WRF-v4.0.3/external/io_grib1 -I/gpfs/gpfs1/scratch/c7071076/WRFmodel/WPS-v4.0.2/../WRF-v4.0.3/external/io_int -I/gpfs/gpfs1/scratch/c7071076/WRFmodel/WPS-v4.0.2/../WRF-v4.0.3/inc -I/usr/site/hpc/x86_64/glibc-2.17/haswell/netcdf/4.3.3.1/intel-15.0/include minheap_module.F > minheap_module.f90
ifort -FR -convert big_endian -c minheap_module.f90 -I/gpfs/gpfs1/scratch/c7071076/WRFmodel/WPS-v4.0.2/../WRF-v4.0.3/external/io_netcdf -I/gpfs/gpfs1/scratch/c7071076/WRFmodel/WPS-v4.0.2/../WRF-v4.0.3/external/io_grib_share -I/gpfs/gpfs1/scratch/c7071076/WRFmodel/WPS-v4.0.2/../WRF-v4.0.3/external/io_grib1 -I/gpfs/gpfs1/scratch/c7071076/WRFmodel/WPS-v4.0.2/../WRF-v4.0.3/external/io_int -I/gpfs/gpfs1/scratch/c7071076/WRFmodel/WPS-v4.0.2/../WRF-v4.0.3/inc -I/usr/site/hpc/x86_64/glibc-2.17/haswell/netcdf/4.3.3.1/intel-15.0/include
/bin/rm -f storage_module.o storage_module.mod
/lib/cpp -P -traditional -D_UNDERSCORE -DBYTESWAP -DLINUX -DIO_NETCDF -DIO_BINARY -DIO_GRIB1 -DBIT32  -D_METGRID -DUSE_JPEG2000 -DUSE_PNG -I/gpfs/gpfs1/scratch/c7071076/WRFmodel/WPS-v4.0.2/../WRF-v4.0.3/external/io_netcdf -I/gpfs/gpfs1/scratch/c7071076/WRFmodel/WPS-v4.0.2/../WRF-v4.0.3/external/io_grib_share -I/gpfs/gpfs1/scratch/c7071076/WRFmodel/WPS-v4.0.2/../WRF-v4.0.3/external/io_grib1 -I/gpfs/gpfs1/scratch/c7071076/WRFmodel/WPS-v4.0.2/../WRF-v4.0.3/external/io_int -I/gpfs/gpfs1/scratch/c7071076/WRFmodel/WPS-v4.0.2/../WRF-v4.0.3/inc -I/usr/site/hpc/x86_64/glibc-2.17/haswell/netcdf/4.3.3.1/intel-15.0/include storage_module.F > storage_module.f90
ifort -FR -convert big_endian -c storage_module.f90 -I/gpfs/gpfs1/scratch/c7071076/WRFmodel/WPS-v4.0.2/../WRF-v4.0.3/external/io_netcdf -I/gpfs/gpfs1/scratch/c7071076/WRFmodel/WPS-v4.0.2/../WRF-v4.0.3/external/io_grib_share -I/gpfs/gpfs1/scratch/c7071076/WRFmodel/WPS-v4.0.2/../WRF-v4.0.3/external/io_grib1 -I/gpfs/gpfs1/scratch/c7071076/WRFmodel/WPS-v4.0.2/../WRF-v4.0.3/external/io_int -I/gpfs/gpfs1/scratch/c7071076/WRFmodel/WPS-v4.0.2/../WRF-v4.0.3/inc -I/usr/site/hpc/x86_64/glibc-2.17/haswell/netcdf/4.3.3.1/intel-15.0/include
/bin/rm -f output_module.o output_module.mod
/lib/cpp -P -traditional -D_UNDERSCORE -DBYTESWAP -DLINUX -DIO_NETCDF -DIO_BINARY -DIO_GRIB1 -DBIT32  -D_METGRID -DUSE_JPEG2000 -DUSE_PNG -I/gpfs/gpfs1/scratch/c7071076/WRFmodel/WPS-v4.0.2/../WRF-v4.0.3/external/io_netcdf -I/gpfs/gpfs1/scratch/c7071076/WRFmodel/WPS-v4.0.2/../WRF-v4.0.3/external/io_grib_share -I/gpfs/gpfs1/scratch/c7071076/WRFmodel/WPS-v4.0.2/../WRF-v4.0.3/external/io_grib1 -I/gpfs/gpfs1/scratch/c7071076/WRFmodel/WPS-v4.0.2/../WRF-v4.0.3/external/io_int -I/gpfs/gpfs1/scratch/c7071076/WRFmodel/WPS-v4.0.2/../WRF-v4.0.3/inc -I/usr/site/hpc/x86_64/glibc-2.17/haswell/netcdf/4.3.3.1/intel-15.0/include output_module.F > output_module.f90
ifort -FR -convert big_endian -c output_module.f90 -I/gpfs/gpfs1/scratch/c7071076/WRFmodel/WPS-v4.0.2/../WRF-v4.0.3/external/io_netcdf -I/gpfs/gpfs1/scratch/c7071076/WRFmodel/WPS-v4.0.2/../WRF-v4.0.3/external/io_grib_share -I/gpfs/gpfs1/scratch/c7071076/WRFmodel/WPS-v4.0.2/../WRF-v4.0.3/external/io_grib1 -I/gpfs/gpfs1/scratch/c7071076/WRFmodel/WPS-v4.0.2/../WRF-v4.0.3/external/io_int -I/gpfs/gpfs1/scratch/c7071076/WRFmodel/WPS-v4.0.2/../WRF-v4.0.3/inc -I/usr/site/hpc/x86_64/glibc-2.17/haswell/netcdf/4.3.3.1/intel-15.0/include
/bin/rm -f met_data_module.o met_data_module.mod
/lib/cpp -P -traditional -D_UNDERSCORE -DBYTESWAP -DLINUX -DIO_NETCDF -DIO_BINARY -DIO_GRIB1 -DBIT32  -D_METGRID -DUSE_JPEG2000 -DUSE_PNG -I/gpfs/gpfs1/scratch/c7071076/WRFmodel/WPS-v4.0.2/../WRF-v4.0.3/external/io_netcdf -I/gpfs/gpfs1/scratch/c7071076/WRFmodel/WPS-v4.0.2/../WRF-v4.0.3/external/io_grib_share -I/gpfs/gpfs1/scratch/c7071076/WRFmodel/WPS-v4.0.2/../WRF-v4.0.3/external/io_grib1 -I/gpfs/gpfs1/scratch/c7071076/WRFmodel/WPS-v4.0.2/../WRF-v4.0.3/external/io_int -I/gpfs/gpfs1/scratch/c7071076/WRFmodel/WPS-v4.0.2/../WRF-v4.0.3/inc -I/usr/site/hpc/x86_64/glibc-2.17/haswell/netcdf/4.3.3.1/intel-15.0/include met_data_module.F > met_data_module.f90
ifort -FR -convert big_endian -c met_data_module.f90 -I/gpfs/gpfs1/scratch/c7071076/WRFmodel/WPS-v4.0.2/../WRF-v4.0.3/external/io_netcdf -I/gpfs/gpfs1/scratch/c7071076/WRFmodel/WPS-v4.0.2/../WRF-v4.0.3/external/io_grib_share -I/gpfs/gpfs1/scratch/c7071076/WRFmodel/WPS-v4.0.2/../WRF-v4.0.3/external/io_grib1 -I/gpfs/gpfs1/scratch/c7071076/WRFmodel/WPS-v4.0.2/../WRF-v4.0.3/external/io_int -I/gpfs/gpfs1/scratch/c7071076/WRFmodel/WPS-v4.0.2/../WRF-v4.0.3/inc -I/usr/site/hpc/x86_64/glibc-2.17/haswell/netcdf/4.3.3.1/intel-15.0/include
/bin/rm -f read_met_module.o read_met_module.mod
/lib/cpp -P -traditional -D_UNDERSCORE -DBYTESWAP -DLINUX -DIO_NETCDF -DIO_BINARY -DIO_GRIB1 -DBIT32  -D_METGRID -DUSE_JPEG2000 -DUSE_PNG -I/gpfs/gpfs1/scratch/c7071076/WRFmodel/WPS-v4.0.2/../WRF-v4.0.3/external/io_netcdf -I/gpfs/gpfs1/scratch/c7071076/WRFmodel/WPS-v4.0.2/../WRF-v4.0.3/external/io_grib_share -I/gpfs/gpfs1/scratch/c7071076/WRFmodel/WPS-v4.0.2/../WRF-v4.0.3/external/io_grib1 -I/gpfs/gpfs1/scratch/c7071076/WRFmodel/WPS-v4.0.2/../WRF-v4.0.3/external/io_int -I/gpfs/gpfs1/scratch/c7071076/WRFmodel/WPS-v4.0.2/../WRF-v4.0.3/inc -I/usr/site/hpc/x86_64/glibc-2.17/haswell/netcdf/4.3.3.1/intel-15.0/include read_met_module.F > read_met_module.f90
ifort -FR -convert big_endian -c read_met_module.f90 -I/gpfs/gpfs1/scratch/c7071076/WRFmodel/WPS-v4.0.2/../WRF-v4.0.3/external/io_netcdf -I/gpfs/gpfs1/scratch/c7071076/WRFmodel/WPS-v4.0.2/../WRF-v4.0.3/external/io_grib_share -I/gpfs/gpfs1/scratch/c7071076/WRFmodel/WPS-v4.0.2/../WRF-v4.0.3/external/io_grib1 -I/gpfs/gpfs1/scratch/c7071076/WRFmodel/WPS-v4.0.2/../WRF-v4.0.3/external/io_int -I/gpfs/gpfs1/scratch/c7071076/WRFmodel/WPS-v4.0.2/../WRF-v4.0.3/inc -I/usr/site/hpc/x86_64/glibc-2.17/haswell/netcdf/4.3.3.1/intel-15.0/include
/bin/rm -f rotate_winds_module.o rotate_winds_module.mod
/lib/cpp -P -traditional -D_UNDERSCORE -DBYTESWAP -DLINUX -DIO_NETCDF -DIO_BINARY -DIO_GRIB1 -DBIT32  -D_METGRID -DUSE_JPEG2000 -DUSE_PNG -I/gpfs/gpfs1/scratch/c7071076/WRFmodel/WPS-v4.0.2/../WRF-v4.0.3/external/io_netcdf -I/gpfs/gpfs1/scratch/c7071076/WRFmodel/WPS-v4.0.2/../WRF-v4.0.3/external/io_grib_share -I/gpfs/gpfs1/scratch/c7071076/WRFmodel/WPS-v4.0.2/../WRF-v4.0.3/external/io_grib1 -I/gpfs/gpfs1/scratch/c7071076/WRFmodel/WPS-v4.0.2/../WRF-v4.0.3/external/io_int -I/gpfs/gpfs1/scratch/c7071076/WRFmodel/WPS-v4.0.2/../WRF-v4.0.3/inc -I/usr/site/hpc/x86_64/glibc-2.17/haswell/netcdf/4.3.3.1/intel-15.0/include rotate_winds_module.F > rotate_winds_module.f90
ifort -FR -convert big_endian -c rotate_winds_module.f90 -I/gpfs/gpfs1/scratch/c7071076/WRFmodel/WPS-v4.0.2/../WRF-v4.0.3/external/io_netcdf -I/gpfs/gpfs1/scratch/c7071076/WRFmodel/WPS-v4.0.2/../WRF-v4.0.3/external/io_grib_share -I/gpfs/gpfs1/scratch/c7071076/WRFmodel/WPS-v4.0.2/../WRF-v4.0.3/external/io_grib1 -I/gpfs/gpfs1/scratch/c7071076/WRFmodel/WPS-v4.0.2/../WRF-v4.0.3/external/io_int -I/gpfs/gpfs1/scratch/c7071076/WRFmodel/WPS-v4.0.2/../WRF-v4.0.3/inc -I/usr/site/hpc/x86_64/glibc-2.17/haswell/netcdf/4.3.3.1/intel-15.0/include
/bin/rm -f scan_input.o scan_input.mod
/lib/cpp -P -traditional -D_UNDERSCORE -DBYTESWAP -DLINUX -DIO_NETCDF -DIO_BINARY -DIO_GRIB1 -DBIT32  -D_METGRID -DUSE_JPEG2000 -DUSE_PNG -I/gpfs/gpfs1/scratch/c7071076/WRFmodel/WPS-v4.0.2/../WRF-v4.0.3/external/io_netcdf -I/gpfs/gpfs1/scratch/c7071076/WRFmodel/WPS-v4.0.2/../WRF-v4.0.3/external/io_grib_share -I/gpfs/gpfs1/scratch/c7071076/WRFmodel/WPS-v4.0.2/../WRF-v4.0.3/external/io_grib1 -I/gpfs/gpfs1/scratch/c7071076/WRFmodel/WPS-v4.0.2/../WRF-v4.0.3/external/io_int -I/gpfs/gpfs1/scratch/c7071076/WRFmodel/WPS-v4.0.2/../WRF-v4.0.3/inc -I/usr/site/hpc/x86_64/glibc-2.17/haswell/netcdf/4.3.3.1/intel-15.0/include scan_input.F > scan_input.f90
ifort -FR -convert big_endian -c scan_input.f90 -I/gpfs/gpfs1/scratch/c7071076/WRFmodel/WPS-v4.0.2/../WRF-v4.0.3/external/io_netcdf -I/gpfs/gpfs1/scratch/c7071076/WRFmodel/WPS-v4.0.2/../WRF-v4.0.3/external/io_grib_share -I/gpfs/gpfs1/scratch/c7071076/WRFmodel/WPS-v4.0.2/../WRF-v4.0.3/external/io_grib1 -I/gpfs/gpfs1/scratch/c7071076/WRFmodel/WPS-v4.0.2/../WRF-v4.0.3/external/io_int -I/gpfs/gpfs1/scratch/c7071076/WRFmodel/WPS-v4.0.2/../WRF-v4.0.3/inc -I/usr/site/hpc/x86_64/glibc-2.17/haswell/netcdf/4.3.3.1/intel-15.0/include
/bin/rm -f mpas_mesh.o mpas_mesh.mod
/lib/cpp -P -traditional -D_UNDERSCORE -DBYTESWAP -DLINUX -DIO_NETCDF -DIO_BINARY -DIO_GRIB1 -DBIT32  -D_METGRID -DUSE_JPEG2000 -DUSE_PNG -I/gpfs/gpfs1/scratch/c7071076/WRFmodel/WPS-v4.0.2/../WRF-v4.0.3/external/io_netcdf -I/gpfs/gpfs1/scratch/c7071076/WRFmodel/WPS-v4.0.2/../WRF-v4.0.3/external/io_grib_share -I/gpfs/gpfs1/scratch/c7071076/WRFmodel/WPS-v4.0.2/../WRF-v4.0.3/external/io_grib1 -I/gpfs/gpfs1/scratch/c7071076/WRFmodel/WPS-v4.0.2/../WRF-v4.0.3/external/io_int -I/gpfs/gpfs1/scratch/c7071076/WRFmodel/WPS-v4.0.2/../WRF-v4.0.3/inc -I/usr/site/hpc/x86_64/glibc-2.17/haswell/netcdf/4.3.3.1/intel-15.0/include mpas_mesh.F > mpas_mesh.f90
ifort -FR -convert big_endian -c mpas_mesh.f90 -I/gpfs/gpfs1/scratch/c7071076/WRFmodel/WPS-v4.0.2/../WRF-v4.0.3/external/io_netcdf -I/gpfs/gpfs1/scratch/c7071076/WRFmodel/WPS-v4.0.2/../WRF-v4.0.3/external/io_grib_share -I/gpfs/gpfs1/scratch/c7071076/WRFmodel/WPS-v4.0.2/../WRF-v4.0.3/external/io_grib1 -I/gpfs/gpfs1/scratch/c7071076/WRFmodel/WPS-v4.0.2/../WRF-v4.0.3/external/io_int -I/gpfs/gpfs1/scratch/c7071076/WRFmodel/WPS-v4.0.2/../WRF-v4.0.3/inc -I/usr/site/hpc/x86_64/glibc-2.17/haswell/netcdf/4.3.3.1/intel-15.0/include
/bin/rm -f target_mesh.o target_mesh.mod
/lib/cpp -P -traditional -D_UNDERSCORE -DBYTESWAP -DLINUX -DIO_NETCDF -DIO_BINARY -DIO_GRIB1 -DBIT32  -D_METGRID -DUSE_JPEG2000 -DUSE_PNG -I/gpfs/gpfs1/scratch/c7071076/WRFmodel/WPS-v4.0.2/../WRF-v4.0.3/external/io_netcdf -I/gpfs/gpfs1/scratch/c7071076/WRFmodel/WPS-v4.0.2/../WRF-v4.0.3/external/io_grib_share -I/gpfs/gpfs1/scratch/c7071076/WRFmodel/WPS-v4.0.2/../WRF-v4.0.3/external/io_grib1 -I/gpfs/gpfs1/scratch/c7071076/WRFmodel/WPS-v4.0.2/../WRF-v4.0.3/external/io_int -I/gpfs/gpfs1/scratch/c7071076/WRFmodel/WPS-v4.0.2/../WRF-v4.0.3/inc -I/usr/site/hpc/x86_64/glibc-2.17/haswell/netcdf/4.3.3.1/intel-15.0/include target_mesh.F > target_mesh.f90
ifort -FR -convert big_endian -c target_mesh.f90 -I/gpfs/gpfs1/scratch/c7071076/WRFmodel/WPS-v4.0.2/../WRF-v4.0.3/external/io_netcdf -I/gpfs/gpfs1/scratch/c7071076/WRFmodel/WPS-v4.0.2/../WRF-v4.0.3/external/io_grib_share -I/gpfs/gpfs1/scratch/c7071076/WRFmodel/WPS-v4.0.2/../WRF-v4.0.3/external/io_grib1 -I/gpfs/gpfs1/scratch/c7071076/WRFmodel/WPS-v4.0.2/../WRF-v4.0.3/external/io_int -I/gpfs/gpfs1/scratch/c7071076/WRFmodel/WPS-v4.0.2/../WRF-v4.0.3/inc -I/usr/site/hpc/x86_64/glibc-2.17/haswell/netcdf/4.3.3.1/intel-15.0/include
/bin/rm -f remapper.o remapper.mod
/lib/cpp -P -traditional -D_UNDERSCORE -DBYTESWAP -DLINUX -DIO_NETCDF -DIO_BINARY -DIO_GRIB1 -DBIT32  -D_METGRID -DUSE_JPEG2000 -DUSE_PNG -I/gpfs/gpfs1/scratch/c7071076/WRFmodel/WPS-v4.0.2/../WRF-v4.0.3/external/io_netcdf -I/gpfs/gpfs1/scratch/c7071076/WRFmodel/WPS-v4.0.2/../WRF-v4.0.3/external/io_grib_share -I/gpfs/gpfs1/scratch/c7071076/WRFmodel/WPS-v4.0.2/../WRF-v4.0.3/external/io_grib1 -I/gpfs/gpfs1/scratch/c7071076/WRFmodel/WPS-v4.0.2/../WRF-v4.0.3/external/io_int -I/gpfs/gpfs1/scratch/c7071076/WRFmodel/WPS-v4.0.2/../WRF-v4.0.3/inc -I/usr/site/hpc/x86_64/glibc-2.17/haswell/netcdf/4.3.3.1/intel-15.0/include remapper.F > remapper.f90
ifort -FR -convert big_endian -c remapper.f90 -I/gpfs/gpfs1/scratch/c7071076/WRFmodel/WPS-v4.0.2/../WRF-v4.0.3/external/io_netcdf -I/gpfs/gpfs1/scratch/c7071076/WRFmodel/WPS-v4.0.2/../WRF-v4.0.3/external/io_grib_share -I/gpfs/gpfs1/scratch/c7071076/WRFmodel/WPS-v4.0.2/../WRF-v4.0.3/external/io_grib1 -I/gpfs/gpfs1/scratch/c7071076/WRFmodel/WPS-v4.0.2/../WRF-v4.0.3/external/io_int -I/gpfs/gpfs1/scratch/c7071076/WRFmodel/WPS-v4.0.2/../WRF-v4.0.3/inc -I/usr/site/hpc/x86_64/glibc-2.17/haswell/netcdf/4.3.3.1/intel-15.0/include
/bin/rm -f process_domain_module.o process_domain_module.mod
/lib/cpp -P -traditional -D_UNDERSCORE -DBYTESWAP -DLINUX -DIO_NETCDF -DIO_BINARY -DIO_GRIB1 -DBIT32  -D_METGRID -DUSE_JPEG2000 -DUSE_PNG -I/gpfs/gpfs1/scratch/c7071076/WRFmodel/WPS-v4.0.2/../WRF-v4.0.3/external/io_netcdf -I/gpfs/gpfs1/scratch/c7071076/WRFmodel/WPS-v4.0.2/../WRF-v4.0.3/external/io_grib_share -I/gpfs/gpfs1/scratch/c7071076/WRFmodel/WPS-v4.0.2/../WRF-v4.0.3/external/io_grib1 -I/gpfs/gpfs1/scratch/c7071076/WRFmodel/WPS-v4.0.2/../WRF-v4.0.3/external/io_int -I/gpfs/gpfs1/scratch/c7071076/WRFmodel/WPS-v4.0.2/../WRF-v4.0.3/inc -I/usr/site/hpc/x86_64/glibc-2.17/haswell/netcdf/4.3.3.1/intel-15.0/include process_domain_module.F > process_domain_module.f90
ifort -FR -convert big_endian -c process_domain_module.f90 -I/gpfs/gpfs1/scratch/c7071076/WRFmodel/WPS-v4.0.2/../WRF-v4.0.3/external/io_netcdf -I/gpfs/gpfs1/scratch/c7071076/WRFmodel/WPS-v4.0.2/../WRF-v4.0.3/external/io_grib_share -I/gpfs/gpfs1/scratch/c7071076/WRFmodel/WPS-v4.0.2/../WRF-v4.0.3/external/io_grib1 -I/gpfs/gpfs1/scratch/c7071076/WRFmodel/WPS-v4.0.2/../WRF-v4.0.3/external/io_int -I/gpfs/gpfs1/scratch/c7071076/WRFmodel/WPS-v4.0.2/../WRF-v4.0.3/inc -I/usr/site/hpc/x86_64/glibc-2.17/haswell/netcdf/4.3.3.1/intel-15.0/include
/bin/rm -f metgrid.o metgrid.mod
/lib/cpp -P -traditional -D_UNDERSCORE -DBYTESWAP -DLINUX -DIO_NETCDF -DIO_BINARY -DIO_GRIB1 -DBIT32  -D_METGRID -DUSE_JPEG2000 -DUSE_PNG -I/gpfs/gpfs1/scratch/c7071076/WRFmodel/WPS-v4.0.2/../WRF-v4.0.3/external/io_netcdf -I/gpfs/gpfs1/scratch/c7071076/WRFmodel/WPS-v4.0.2/../WRF-v4.0.3/external/io_grib_share -I/gpfs/gpfs1/scratch/c7071076/WRFmodel/WPS-v4.0.2/../WRF-v4.0.3/external/io_grib1 -I/gpfs/gpfs1/scratch/c7071076/WRFmodel/WPS-v4.0.2/../WRF-v4.0.3/external/io_int -I/gpfs/gpfs1/scratch/c7071076/WRFmodel/WPS-v4.0.2/../WRF-v4.0.3/inc -I/usr/site/hpc/x86_64/glibc-2.17/haswell/netcdf/4.3.3.1/intel-15.0/include metgrid.F > metgrid.f90
ifort -FR -convert big_endian -c metgrid.f90 -I/gpfs/gpfs1/scratch/c7071076/WRFmodel/WPS-v4.0.2/../WRF-v4.0.3/external/io_netcdf -I/gpfs/gpfs1/scratch/c7071076/WRFmodel/WPS-v4.0.2/../WRF-v4.0.3/external/io_grib_share -I/gpfs/gpfs1/scratch/c7071076/WRFmodel/WPS-v4.0.2/../WRF-v4.0.3/external/io_grib1 -I/gpfs/gpfs1/scratch/c7071076/WRFmodel/WPS-v4.0.2/../WRF-v4.0.3/external/io_int -I/gpfs/gpfs1/scratch/c7071076/WRFmodel/WPS-v4.0.2/../WRF-v4.0.3/inc -I/usr/site/hpc/x86_64/glibc-2.17/haswell/netcdf/4.3.3.1/intel-15.0/include
/bin/rm -f write_met_module.o write_met_module.mod
/lib/cpp -P -traditional -D_UNDERSCORE -DBYTESWAP -DLINUX -DIO_NETCDF -DIO_BINARY -DIO_GRIB1 -DBIT32  -D_METGRID -DUSE_JPEG2000 -DUSE_PNG -I/gpfs/gpfs1/scratch/c7071076/WRFmodel/WPS-v4.0.2/../WRF-v4.0.3/external/io_netcdf -I/gpfs/gpfs1/scratch/c7071076/WRFmodel/WPS-v4.0.2/../WRF-v4.0.3/external/io_grib_share -I/gpfs/gpfs1/scratch/c7071076/WRFmodel/WPS-v4.0.2/../WRF-v4.0.3/external/io_grib1 -I/gpfs/gpfs1/scratch/c7071076/WRFmodel/WPS-v4.0.2/../WRF-v4.0.3/external/io_int -I/gpfs/gpfs1/scratch/c7071076/WRFmodel/WPS-v4.0.2/../WRF-v4.0.3/inc -I/usr/site/hpc/x86_64/glibc-2.17/haswell/netcdf/4.3.3.1/intel-15.0/include write_met_module.F > write_met_module.f90
ifort -FR -convert big_endian -c write_met_module.f90 -I/gpfs/gpfs1/scratch/c7071076/WRFmodel/WPS-v4.0.2/../WRF-v4.0.3/external/io_netcdf -I/gpfs/gpfs1/scratch/c7071076/WRFmodel/WPS-v4.0.2/../WRF-v4.0.3/external/io_grib_share -I/gpfs/gpfs1/scratch/c7071076/WRFmodel/WPS-v4.0.2/../WRF-v4.0.3/external/io_grib1 -I/gpfs/gpfs1/scratch/c7071076/WRFmodel/WPS-v4.0.2/../WRF-v4.0.3/external/io_int -I/gpfs/gpfs1/scratch/c7071076/WRFmodel/WPS-v4.0.2/../WRF-v4.0.3/inc -I/usr/site/hpc/x86_64/glibc-2.17/haswell/netcdf/4.3.3.1/intel-15.0/include
ifort  -o metgrid.exe cio.o wrf_debug.o bitarray_module.o constants_module.o datatype_module.o module_stringutil.o gridinfo_module.o metgrid.o input_module.o interp_module.o interp_option_module.o list_module.o llxy_module.o met_data_module.o minheap_module.o misc_definitions_module.o module_date_pack.o module_debug.o module_map_utils.o module_mergesort.o output_module.o parallel_module.o process_domain_module.o queue_module.o read_met_module.o rotate_winds_module.o storage_module.o write_met_module.o scan_input.o mpas_mesh.o target_mesh.o remapper.o \
                /gpfs/gpfs1/scratch/c7071076/WRFmodel/WPS-v4.0.2/../WRF-v4.0.3/frame/module_driver_constants.o \
	/gpfs/gpfs1/scratch/c7071076/WRFmodel/WPS-v4.0.2/../WRF-v4.0.3/frame/pack_utils.o /gpfs/gpfs1/scratch/c7071076/WRFmodel/WPS-v4.0.2/../WRF-v4.0.3/frame/module_machine.o \
	/gpfs/gpfs1/scratch/c7071076/WRFmodel/WPS-v4.0.2/../WRF-v4.0.3/frame/module_internal_header_util.o \
                -I/gpfs/gpfs1/scratch/c7071076/WRFmodel/WPS-v4.0.2/../WRF-v4.0.3/external/io_netcdf -I/gpfs/gpfs1/scratch/c7071076/WRFmodel/WPS-v4.0.2/../WRF-v4.0.3/external/io_grib_share -I/gpfs/gpfs1/scratch/c7071076/WRFmodel/WPS-v4.0.2/../WRF-v4.0.3/external/io_grib1 -I/gpfs/gpfs1/scratch/c7071076/WRFmodel/WPS-v4.0.2/../WRF-v4.0.3/external/io_int -I/gpfs/gpfs1/scratch/c7071076/WRFmodel/WPS-v4.0.2/../WRF-v4.0.3/inc -I/usr/site/hpc/x86_64/glibc-2.17/haswell/netcdf/4.3.3.1/intel-15.0/include \
                -L/gpfs/gpfs1/scratch/c7071076/WRFmodel/WPS-v4.0.2/../WRF-v4.0.3/external/io_grib1 -lio_grib1 -L/gpfs/gpfs1/scratch/c7071076/WRFmodel/WPS-v4.0.2/../WRF-v4.0.3/external/io_grib_share -lio_grib_share -L/gpfs/gpfs1/scratch/c7071076/WRFmodel/WPS-v4.0.2/../WRF-v4.0.3/external/io_int -lwrfio_int -L/gpfs/gpfs1/scratch/c7071076/WRFmodel/WPS-v4.0.2/../WRF-v4.0.3/external/io_netcdf -lwrfio_nf -L/usr/site/hpc/x86_64/glibc-2.17/haswell/netcdf/4.3.3.1/intel-15.0/lib -lnetcdff -lnetcdf \
                
make[1]: Leaving directory `/gpfs/gpfs1/scratch/c7071076/WRFmodel/WPS-v4.0.2/metgrid/src'
( cd src/ngl ; make -i -r DEV_TOP="/gpfs/gpfs1/scratch/c7071076/WRFmodel/WPS-v4.0.2" CC="icc" FC="ifort" RANLIB="echo" all )
make[1]: Entering directory `/gpfs/gpfs1/scratch/c7071076/WRFmodel/WPS-v4.0.2/ungrib/src/ngl'
make[1]: Nothing to be done for `all'.
make[1]: Leaving directory `/gpfs/gpfs1/scratch/c7071076/WRFmodel/WPS-v4.0.2/ungrib/src/ngl'
( cd src ; \
        if [ "" = yes ] ; then \
          WRF_DIR2=../WRF-v4.0.3 ; \
        else \
          WRF_DIR2=/gpfs/gpfs1/scratch/c7071076/WRFmodel/WPS-v4.0.2/../WRF-v4.0.3 ; \
        fi ; \
make -i -r g1print.exe \
	WRF_DIR="$WRF_DIR2" \
	FC="ifort" \
	CC="icc" \
	CPP="/lib/cpp -P -traditional" \
	FFLAGS="-FR -convert big_endian" \
	CFLAGS="-w" \
	LDFLAGS="" \
	CPPFLAGS="-D_UNDERSCORE -DBYTESWAP -DLINUX -DIO_NETCDF -DIO_BINARY -DIO_GRIB1 -DBIT32  -D_GRIBUTIL" )
make[1]: Entering directory `/gpfs/gpfs1/scratch/c7071076/WRFmodel/WPS-v4.0.2/ungrib/src'
Makefile:90: warning: overriding recipe for target `.F.o'
../../configure.wps:131: warning: ignoring old recipe for target `.F.o'
Makefile:95: warning: overriding recipe for target `.c.o'
../../configure.wps:123: warning: ignoring old recipe for target `.c.o'
make[1]: `g1print.exe' is up to date.
make[1]: Leaving directory `/gpfs/gpfs1/scratch/c7071076/WRFmodel/WPS-v4.0.2/ungrib/src'
if [ -h g1print.exe ] ; then \
        /bin/rm -f g1print.exe ; \
fi ; \
if [ -h ../g1print.exe ] ; then \
	/bin/rm -f ../g1print.exe ; \
fi ; \
if [ -e src/g1print.exe ] ; then \
	ln -sf src/g1print.exe . ; \
fi
( cd src/ngl ; make -i -r DEV_TOP="/gpfs/gpfs1/scratch/c7071076/WRFmodel/WPS-v4.0.2" CC="icc" FC="ifort" RANLIB="echo" all )
make[1]: Entering directory `/gpfs/gpfs1/scratch/c7071076/WRFmodel/WPS-v4.0.2/ungrib/src/ngl'
make[1]: Nothing to be done for `all'.
make[1]: Leaving directory `/gpfs/gpfs1/scratch/c7071076/WRFmodel/WPS-v4.0.2/ungrib/src/ngl'
( cd src ; \
        if [ "" = yes ] ; then \
          WRF_DIR2=../WRF-v4.0.3 ; \
        else \
          WRF_DIR2=/gpfs/gpfs1/scratch/c7071076/WRFmodel/WPS-v4.0.2/../WRF-v4.0.3 ; \
        fi ; \
make -i -r g2print.exe \
	WRF_DIR="$WRF_DIR2" \
	FC="ifort" \
	CC="icc" \
	CPP="/lib/cpp -P -traditional" \
	FFLAGS="-FR -convert big_endian" \
	CFLAGS="-w" \
	LDFLAGS="" \
	CPPFLAGS="-D_UNDERSCORE -DBYTESWAP -DLINUX -DIO_NETCDF -DIO_BINARY -DIO_GRIB1 -DBIT32  -D_GRIBUTIL" )
make[1]: Entering directory `/gpfs/gpfs1/scratch/c7071076/WRFmodel/WPS-v4.0.2/ungrib/src'
Makefile:90: warning: overriding recipe for target `.F.o'
../../configure.wps:131: warning: ignoring old recipe for target `.F.o'
Makefile:95: warning: overriding recipe for target `.c.o'
../../configure.wps:123: warning: ignoring old recipe for target `.c.o'
make[1]: `g2print.exe' is up to date.
make[1]: Leaving directory `/gpfs/gpfs1/scratch/c7071076/WRFmodel/WPS-v4.0.2/ungrib/src'
if [ -h g2print.exe ] ; then \
        /bin/rm -f g2print.exe ; \
fi ; \
if [ -h ../g2print.exe ] ; then \
	/bin/rm -f ../g2print.exe ; \
fi ; \
if [ -e src/g2print.exe ] ; then \
	ln -sf src/g2print.exe . ; \
fi
( cd src ; \
        if [ "" = yes ] ; then \
          WRF_DIR2=../WRF-v4.0.3 ; \
        else \
          WRF_DIR2=/gpfs/gpfs1/scratch/c7071076/WRFmodel/WPS-v4.0.2/../WRF-v4.0.3 ; \
        fi ; \
make -i -r rd_intermediate.exe \
	WRF_DIR="$WRF_DIR2" \
	FC="ifort" \
	CC="icc" \
	CPP="/lib/cpp -P -traditional" \
	FFLAGS="-FR -convert big_endian" \
	CFLAGS="-w" \
	LDFLAGS="" \
	CPPFLAGS="-D_UNDERSCORE -DBYTESWAP -DLINUX -DIO_NETCDF -DIO_BINARY -DIO_GRIB1 -DBIT32  -D_UTIL" )
make[1]: Entering directory `/gpfs/gpfs1/scratch/c7071076/WRFmodel/WPS-v4.0.2/util/src'
make[1]: `rd_intermediate.exe' is up to date.
make[1]: Leaving directory `/gpfs/gpfs1/scratch/c7071076/WRFmodel/WPS-v4.0.2/util/src'
if [ -h rd_intermediate.exe ] ; then \
	/bin/rm -f rd_intermediate.exe ; \
fi ; \
if [ -h ../rd_intermediate.exe ] ; then \
	/bin/rm -f ../rd_intermediate.exe ; \
fi ; \
if [ -e src/rd_intermediate.exe ] ; then \
	ln -sf src/rd_intermediate.exe . ; \
fi
( cd src ; \
        if [ "" = yes ] ; then \
          WRF_DIR2=../WRF-v4.0.3 ; \
        else \
          WRF_DIR2=/gpfs/gpfs1/scratch/c7071076/WRFmodel/WPS-v4.0.2/../WRF-v4.0.3 ; \
        fi ; \
make -i -r mod_levs.exe \
	WRF_DIR="$WRF_DIR2" \
	FC="ifort" \
	CC="icc" \
	CPP="/lib/cpp -P -traditional" \
	FFLAGS="-FR -convert big_endian" \
	CFLAGS="-w" \
	LDFLAGS="" \
	CPPFLAGS="-D_UNDERSCORE -DBYTESWAP -DLINUX -DIO_NETCDF -DIO_BINARY -DIO_GRIB1 -DBIT32  -D_UTIL" )
make[1]: Entering directory `/gpfs/gpfs1/scratch/c7071076/WRFmodel/WPS-v4.0.2/util/src'
make[1]: `mod_levs.exe' is up to date.
make[1]: Leaving directory `/gpfs/gpfs1/scratch/c7071076/WRFmodel/WPS-v4.0.2/util/src'
if [ -h mod_levs.exe ] ; then \
	/bin/rm -f mod_levs.exe ; \
fi ; \
if [ -h ../mod_levs.exe ] ; then \
	/bin/rm -f ../mod_levs.exe ; \
fi ; \
if [ -e src/mod_levs.exe ] ; then \
	ln -sf src/mod_levs.exe . ; \
fi
( cd src ; \
        if [ "" = yes ] ; then \
          WRF_DIR2=../WRF-v4.0.3 ; \
        else \
          WRF_DIR2=/gpfs/gpfs1/scratch/c7071076/WRFmodel/WPS-v4.0.2/../WRF-v4.0.3 ; \
        fi ; \
make -i -r avg_tsfc.exe \
	WRF_DIR="$WRF_DIR2" \
	FC="ifort" \
	CC="icc" \
	CPP="/lib/cpp -P -traditional" \
	FFLAGS="-FR -convert big_endian" \
	CFLAGS="-w" \
	LDFLAGS="" \
	CPPFLAGS="-D_UNDERSCORE -DBYTESWAP -DLINUX -DIO_NETCDF -DIO_BINARY -DIO_GRIB1 -DBIT32  -D_UTIL" )
make[1]: Entering directory `/gpfs/gpfs1/scratch/c7071076/WRFmodel/WPS-v4.0.2/util/src'
make[1]: `avg_tsfc.exe' is up to date.
make[1]: Leaving directory `/gpfs/gpfs1/scratch/c7071076/WRFmodel/WPS-v4.0.2/util/src'
if [ -h avg_tsfc.exe ] ; then \
	/bin/rm -f avg_tsfc.exe ; \
fi ; \
if [ -h ../avg_tsfc.exe ] ; then \
	/bin/rm -f ../avg_tsfc.exe ; \
fi ; \
if [ -e src/avg_tsfc.exe ] ; then \
	ln -sf src/avg_tsfc.exe . ; \
fi
( cd src ; \
        if [ "" = yes ] ; then \
          WRF_DIR2=../WRF-v4.0.3 ; \
        else \
          WRF_DIR2=/gpfs/gpfs1/scratch/c7071076/WRFmodel/WPS-v4.0.2/../WRF-v4.0.3 ; \
        fi ; \
make -i -r calc_ecmwf_p.exe \
	WRF_DIR="$WRF_DIR2" \
	FC="ifort" \
	CC="icc" \
	CPP="/lib/cpp -P -traditional" \
	FFLAGS="-FR -convert big_endian" \
	CFLAGS="-w" \
	LDFLAGS="" \
	CPPFLAGS="-D_UNDERSCORE -DBYTESWAP -DLINUX -DIO_NETCDF -DIO_BINARY -DIO_GRIB1 -DBIT32  -D_UTIL" )
make[1]: Entering directory `/gpfs/gpfs1/scratch/c7071076/WRFmodel/WPS-v4.0.2/util/src'
make[1]: `calc_ecmwf_p.exe' is up to date.
make[1]: Leaving directory `/gpfs/gpfs1/scratch/c7071076/WRFmodel/WPS-v4.0.2/util/src'
if [ -h calc_ecmwf_p.exe ] ; then \
	/bin/rm -f calc_ecmwf_p.exe ; \
fi ; \
if [ -h ../calc_ecmwf_p.exe ] ; then \
	/bin/rm -f ../calc_ecmwf_p.exe ; \
fi ; \
if [ -e src/calc_ecmwf_p.exe ] ; then \
	ln -sf src/calc_ecmwf_p.exe . ; \
fi
( cd src ; \
        if [ "" = yes ] ; then \
          WRF_DIR2=../WRF-v4.0.3 ; \
        else \
          WRF_DIR2=/gpfs/gpfs1/scratch/c7071076/WRFmodel/WPS-v4.0.2/../WRF-v4.0.3 ; \
        fi ; \
make -i -r height_ukmo.exe \
	WRF_DIR="$WRF_DIR2" \
	FC="ifort" \
	CC="icc" \
	CPP="/lib/cpp -P -traditional" \
	FFLAGS="-FR -convert big_endian" \
	CFLAGS="-w" \
	LDFLAGS="" \
	CPPFLAGS="-D_UNDERSCORE -DBYTESWAP -DLINUX -DIO_NETCDF -DIO_BINARY -DIO_GRIB1 -DBIT32  -D_UTIL" )
make[1]: Entering directory `/gpfs/gpfs1/scratch/c7071076/WRFmodel/WPS-v4.0.2/util/src'
make[1]: `height_ukmo.exe' is up to date.
make[1]: Leaving directory `/gpfs/gpfs1/scratch/c7071076/WRFmodel/WPS-v4.0.2/util/src'
if [ -h height_ukmo.exe ] ; then \
	/bin/rm -f height_ukmo.exe ; \
fi ; \
if [ -h ../height_ukmo.exe ] ; then \
	/bin/rm -f ../height_ukmo.exe ; \
fi ; \
if [ -e src/height_ukmo.exe ] ; then \
	ln -sf src/height_ukmo.exe . ; \
fi
( cd src ; \
        if [ "" = yes ] ; then \
          WRF_DIR2=../WRF-v4.0.3 ; \
        else \
          WRF_DIR2=/gpfs/gpfs1/scratch/c7071076/WRFmodel/WPS-v4.0.2/../WRF-v4.0.3 ; \
        fi ; \
make -i -r int2nc.exe \
	WRF_DIR="$WRF_DIR2" \
	FC="ifort" \
	CC="icc" \
	CPP="/lib/cpp -P -traditional" \
	FFLAGS="-FR -convert big_endian" \
	CFLAGS="-w" \
	LDFLAGS="" \
	CPPFLAGS="-D_UNDERSCORE -DBYTESWAP -DLINUX -DIO_NETCDF -DIO_BINARY -DIO_GRIB1 -DBIT32  -D_UTIL" )
make[1]: Entering directory `/gpfs/gpfs1/scratch/c7071076/WRFmodel/WPS-v4.0.2/util/src'
make[1]: `int2nc.exe' is up to date.
make[1]: Leaving directory `/gpfs/gpfs1/scratch/c7071076/WRFmodel/WPS-v4.0.2/util/src'
if [ -h int2nc.exe ] ; then \
	/bin/rm -f int2nc.exe ; \
fi ; \
if [ -h ../int2nc.exe ] ; then \
	/bin/rm -f ../int2nc.exe ; \
fi ; \
if [ -e src/int2nc.exe ] ; then \
	ln -sf src/int2nc.exe . ; \
fi
